Archive member included to satisfy reference by file (symbol)

/opt/SystemWorkbench/plugins/fr.ac6.mcu.externaltools.arm-none.linux64_1.17.0.201812190825/tools/compiler/bin/../lib/gcc/arm-none-eabi/7.3.1/../../../../arm-none-eabi/lib/thumb/v7-m/libstdc++_nano.a(new_op.o)
                              Application/HeizStateMachine/MainMachine.o (operator new(unsigned int))
/opt/SystemWorkbench/plugins/fr.ac6.mcu.externaltools.arm-none.linux64_1.17.0.201812190825/tools/compiler/bin/../lib/gcc/arm-none-eabi/7.3.1/../../../../arm-none-eabi/lib/thumb/v7-m/libstdc++_nano.a(eh_personality.o)
                              Application/HeizStateMachine/MainMachine.o (__gxx_personality_v0)
/opt/SystemWorkbench/plugins/fr.ac6.mcu.externaltools.arm-none.linux64_1.17.0.201812190825/tools/compiler/bin/../lib/gcc/arm-none-eabi/7.3.1/../../../../arm-none-eabi/lib/thumb/v7-m/libstdc++_nano.a(eh_call.o)
                              /opt/SystemWorkbench/plugins/fr.ac6.mcu.externaltools.arm-none.linux64_1.17.0.201812190825/tools/compiler/bin/../lib/gcc/arm-none-eabi/7.3.1/../../../../arm-none-eabi/lib/thumb/v7-m/libstdc++_nano.a(eh_personality.o) (__cxa_call_terminate)
/opt/SystemWorkbench/plugins/fr.ac6.mcu.externaltools.arm-none.linux64_1.17.0.201812190825/tools/compiler/bin/../lib/gcc/arm-none-eabi/7.3.1/../../../../arm-none-eabi/lib/thumb/v7-m/libstdc++_nano.a(del_opv.o)
                              Application/HeizStateMachine/MainMachine.o (operator delete[](void*))
/opt/SystemWorkbench/plugins/fr.ac6.mcu.externaltools.arm-none.linux64_1.17.0.201812190825/tools/compiler/bin/../lib/gcc/arm-none-eabi/7.3.1/../../../../arm-none-eabi/lib/thumb/v7-m/libstdc++_nano.a(new_handler.o)
                              /opt/SystemWorkbench/plugins/fr.ac6.mcu.externaltools.arm-none.linux64_1.17.0.201812190825/tools/compiler/bin/../lib/gcc/arm-none-eabi/7.3.1/../../../../arm-none-eabi/lib/thumb/v7-m/libstdc++_nano.a(new_op.o) (std::get_new_handler())
/opt/SystemWorkbench/plugins/fr.ac6.mcu.externaltools.arm-none.linux64_1.17.0.201812190825/tools/compiler/bin/../lib/gcc/arm-none-eabi/7.3.1/../../../../arm-none-eabi/lib/thumb/v7-m/libstdc++_nano.a(eh_catch.o)
                              /opt/SystemWorkbench/plugins/fr.ac6.mcu.externaltools.arm-none.linux64_1.17.0.201812190825/tools/compiler/bin/../lib/gcc/arm-none-eabi/7.3.1/../../../../arm-none-eabi/lib/thumb/v7-m/libstdc++_nano.a(eh_call.o) (__cxa_begin_catch)
/opt/SystemWorkbench/plugins/fr.ac6.mcu.externaltools.arm-none.linux64_1.17.0.201812190825/tools/compiler/bin/../lib/gcc/arm-none-eabi/7.3.1/../../../../arm-none-eabi/lib/thumb/v7-m/libstdc++_nano.a(eh_globals.o)
                              /opt/SystemWorkbench/plugins/fr.ac6.mcu.externaltools.arm-none.linux64_1.17.0.201812190825/tools/compiler/bin/../lib/gcc/arm-none-eabi/7.3.1/../../../../arm-none-eabi/lib/thumb/v7-m/libstdc++_nano.a(eh_catch.o) (__cxa_get_globals_fast)
/opt/SystemWorkbench/plugins/fr.ac6.mcu.externaltools.arm-none.linux64_1.17.0.201812190825/tools/compiler/bin/../lib/gcc/arm-none-eabi/7.3.1/../../../../arm-none-eabi/lib/thumb/v7-m/libstdc++_nano.a(eh_terminate.o)
                              /opt/SystemWorkbench/plugins/fr.ac6.mcu.externaltools.arm-none.linux64_1.17.0.201812190825/tools/compiler/bin/../lib/gcc/arm-none-eabi/7.3.1/../../../../arm-none-eabi/lib/thumb/v7-m/libstdc++_nano.a(eh_call.o) (__cxxabiv1::__terminate(void (*)()))
/opt/SystemWorkbench/plugins/fr.ac6.mcu.externaltools.arm-none.linux64_1.17.0.201812190825/tools/compiler/bin/../lib/gcc/arm-none-eabi/7.3.1/../../../../arm-none-eabi/lib/thumb/v7-m/libstdc++_nano.a(eh_arm.o)
                              Application/HeizStateMachine/MainMachine.o (__cxa_end_cleanup)
/opt/SystemWorkbench/plugins/fr.ac6.mcu.externaltools.arm-none.linux64_1.17.0.201812190825/tools/compiler/bin/../lib/gcc/arm-none-eabi/7.3.1/../../../../arm-none-eabi/lib/thumb/v7-m/libstdc++_nano.a(del_ops.o)
                              Application/HeizStateMachine/MainMachine.o (operator delete(void*, unsigned int))
/opt/SystemWorkbench/plugins/fr.ac6.mcu.externaltools.arm-none.linux64_1.17.0.201812190825/tools/compiler/bin/../lib/gcc/arm-none-eabi/7.3.1/../../../../arm-none-eabi/lib/thumb/v7-m/libstdc++_nano.a(new_opv.o)
                              Application/HeizStateMachine/MainMachine.o (operator new[](unsigned int))
/opt/SystemWorkbench/plugins/fr.ac6.mcu.externaltools.arm-none.linux64_1.17.0.201812190825/tools/compiler/bin/../lib/gcc/arm-none-eabi/7.3.1/../../../../arm-none-eabi/lib/thumb/v7-m/libstdc++_nano.a(del_opvs.o)
                              Application/HeizStateMachine/MainMachine.o (operator delete[](void*, unsigned int))
/opt/SystemWorkbench/plugins/fr.ac6.mcu.externaltools.arm-none.linux64_1.17.0.201812190825/tools/compiler/bin/../lib/gcc/arm-none-eabi/7.3.1/../../../../arm-none-eabi/lib/thumb/v7-m/libstdc++_nano.a(eh_exception.o)
[...]
Memory Configuration

Name             Origin             Length             Attributes
RAM              0x0000000020000000 0x0000000000005000 xrw
FLASH            0x0000000008000000 0x0000000000010000 xr
*default*        0x0000000000000000 0xffffffffffffffff

Linker script and memory map

LOAD /opt/SystemWorkbench/plugins/fr.ac6.mcu.externaltools.arm-none.linux64_1.17.0.201812190825/tools/compiler/bin/../lib/gcc/arm-none-eabi/7.3.1/thumb/v7-m/crti.o
LOAD /opt/SystemWorkbench/plugins/fr.ac6.mcu.externaltools.arm-none.linux64_1.17.0.201812190825/tools/compiler/bin/../lib/gcc/arm-none-eabi/7.3.1/thumb/v7-m/crtbegin.o
LOAD /opt/SystemWorkbench/plugins/fr.ac6.mcu.externaltools.arm-none.linux64_1.17.0.201812190825/tools/compiler/bin/../lib/gcc/arm-none-eabi/7.3.1/../../../../arm-none-eabi/lib/thumb/v7-m/crt0.o
LOAD Application/HeizStateMachine/MainMachine.o
LOAD Application/HeizStateMachine/StateManual/StateMachineManual.o
LOAD Application/HeizStateMachine/StateSummer/SchedulerSummer.o
LOAD Application/HeizStateMachine/StateWinter/SchedulerWinter.o
LOAD Application/HeizStateMachine/StateWinter/StateMachineWinter.o
LOAD Application/State_Machine.o
LOAD Application/heiz_display.o
LOAD Drivers/STM32F1xx_HAL_Driver/Src/stm32f1xx_hal.o
LOAD Drivers/STM32F1xx_HAL_Driver/Src/stm32f1xx_hal_cortex.o
LOAD Drivers/STM32F1xx_HAL_Driver/Src/stm32f1xx_hal_dma.o
LOAD Drivers/STM32F1xx_HAL_Driver/Src/stm32f1xx_hal_flash.o
LOAD Drivers/STM32F1xx_HAL_Driver/Src/stm32f1xx_hal_flash_ex.o
LOAD Drivers/STM32F1xx_HAL_Driver/Src/stm32f1xx_hal_gpio.o
LOAD Drivers/STM32F1xx_HAL_Driver/Src/stm32f1xx_hal_gpio_ex.o
LOAD Drivers/STM32F1xx_HAL_Driver/Src/stm32f1xx_hal_pwr.o
LOAD Drivers/STM32F1xx_HAL_Driver/Src/stm32f1xx_hal_rcc.o
LOAD Drivers/STM32F1xx_HAL_Driver/Src/stm32f1xx_hal_rcc_ex.o
LOAD Drivers/STM32F1xx_HAL_Driver/Src/stm32f1xx_hal_rtc.o
LOAD Drivers/STM32F1xx_HAL_Driver/Src/stm32f1xx_hal_rtc_ex.o
LOAD Drivers/STM32F1xx_HAL_Driver/Src/stm32f1xx_hal_tim.o
LOAD Drivers/STM32F1xx_HAL_Driver/Src/stm32f1xx_hal_tim_ex.o
LOAD Drivers/STM32F1xx_HAL_Driver/Src/stm32f1xx_hal_uart.o
LOAD Framework/Devices/Nextion/ITEADLIB_Nextion/NexButton.o
LOAD Framework/Devices/Nextion/ITEADLIB_Nextion/NexCheckbox.o
LOAD Framework/Devices/Nextion/ITEADLIB_Nextion/NexCrop.o
LOAD Framework/Devices/Nextion/ITEADLIB_Nextion/NexDualStateButton.o
LOAD Framework/Devices/Nextion/ITEADLIB_Nextion/NexGauge.o
LOAD Framework/Devices/Nextion/ITEADLIB_Nextion/NexGpio.o
LOAD Framework/Devices/Nextion/ITEADLIB_Nextion/NexHardware.o
LOAD Framework/Devices/Nextion/ITEADLIB_Nextion/NexHotspot.o
LOAD Framework/Devices/Nextion/ITEADLIB_Nextion/NexNumber.o
LOAD Framework/Devices/Nextion/ITEADLIB_Nextion/NexObject.o
LOAD Framework/Devices/Nextion/ITEADLIB_Nextion/NexPage.o
LOAD Framework/Devices/Nextion/ITEADLIB_Nextion/NexPicture.o
LOAD Framework/Devices/Nextion/ITEADLIB_Nextion/NexProgressBar.o
LOAD Framework/Devices/Nextion/ITEADLIB_Nextion/NexRadio.o
LOAD Framework/Devices/Nextion/ITEADLIB_Nextion/NexRtc.o
LOAD Framework/Devices/Nextion/ITEADLIB_Nextion/NexScrolltext.o
LOAD Framework/Devices/Nextion/ITEADLIB_Nextion/NexSlider.o
LOAD Framework/Devices/Nextion/ITEADLIB_Nextion/NexText.o
LOAD Framework/Devices/Nextion/ITEADLIB_Nextion/NexTimer.o
LOAD Framework/Devices/Nextion/ITEADLIB_Nextion/NexTouch.o
LOAD Framework/Devices/Nextion/ITEADLIB_Nextion/NexUpload.o
LOAD Framework/Devices/Nextion/ITEADLIB_Nextion/NexVariable.o
LOAD Framework/Devices/Nextion/ITEADLIB_Nextion/NexWaveform.o
LOAD Framework/Devices/Nextion/Nextion_device.o
LOAD Framework/Devices/Realtime_clock/rtc_device.o
LOAD Framework/Instances/Common.o
LOAD Framework/Instances/callbacks.o
LOAD Framework/Sockets/RtcSocket.o
LOAD Framework/Sockets/uart_socket.o
LOAD Framework/System/Error_Handler.o
LOAD Framework/System/uart_printf.o
LOAD Framework/Tasks/controlTask.o
LOAD Framework/Tasks/displayTask.o
LOAD Framework/libraries/Arduino/WString.o
LOAD Framework/libraries/Arduino/itoa.o
LOAD Framework/libraries/HelpersLib.o
LOAD Framework/libraries/simpleRingbuffer.o
LOAD Middlewares/Third_Party/FreeRTOS/Source/CMSIS_RTOS/cmsis_os.o
LOAD Middlewares/Third_Party/FreeRTOS/Source/croutine.o
LOAD Middlewares/Third_Party/FreeRTOS/Source/event_groups.o
LOAD Middlewares/Third_Party/FreeRTOS/Source/list.o
LOAD Middlewares/Third_Party/FreeRTOS/Source/queue.o
LOAD Middlewares/Third_Party/FreeRTOS/Source/tasks.o
LOAD Middlewares/Third_Party/FreeRTOS/Source/timers.o
LOAD Middlewares/Third_Party/FreeRTOS/Source/portable/GCC/ARM_CM3/port.o
LOAD Middlewares/Third_Party/FreeRTOS/Source/portable/MemMang/heap_4.o
LOAD Src/freertos.o
LOAD Src/main.o
LOAD Src/stm32f1xx_hal_msp.o
LOAD Src/stm32f1xx_hal_timebase_tim.o
LOAD Src/stm32f1xx_it.o
LOAD Src/syscalls.o
LOAD Src/system_stm32f1xx.o
LOAD startup/startup_stm32f103xb.o
LOAD /opt/SystemWorkbench/plugins/fr.ac6.mcu.externaltools.arm-none.linux64_1.17.0.201812190825/tools/compiler/bin/../lib/gcc/arm-none-eabi/7.3.1/../../../../arm-none-eabi/lib/thumb/v7-m/libstdc++_nano.a
LOAD /opt/SystemWorkbench/plugins/fr.ac6.mcu.externaltools.arm-none.linux64_1.17.0.201812190825/tools/compiler/bin/../lib/gcc/arm-none-eabi/7.3.1/../../../../arm-none-eabi/lib/thumb/v7-m/libm.a
START GROUP
LOAD /opt/SystemWorkbench/plugins/fr.ac6.mcu.externaltools.arm-none.linux64_1.17.0.201812190825/tools/compiler/bin/../lib/gcc/arm-none-eabi/7.3.1/thumb/v7-m/libgcc.a
LOAD /opt/SystemWorkbench/plugins/fr.ac6.mcu.externaltools.arm-none.linux64_1.17.0.201812190825/tools/compiler/bin/../lib/gcc/arm-none-eabi/7.3.1/../../../../arm-none-eabi/lib/thumb/v7-m/libc_nano.a
END GROUP
START GROUP
LOAD /opt/SystemWorkbench/plugins/fr.ac6.mcu.externaltools.arm-none.linux64_1.17.0.201812190825/tools/compiler/bin/../lib/gcc/arm-none-eabi/7.3.1/thumb/v7-m/libgcc.a
LOAD /opt/SystemWorkbench/plugins/fr.ac6.mcu.externaltools.arm-none.linux64_1.17.0.201812190825/tools/compiler/bin/../lib/gcc/arm-none-eabi/7.3.1/../../../../arm-none-eabi/lib/thumb/v7-m/libc_nano.a
LOAD /opt/SystemWorkbench/plugins/fr.ac6.mcu.externaltools.arm-none.linux64_1.17.0.201812190825/tools/compiler/bin/../lib/gcc/arm-none-eabi/7.3.1/../../../../arm-none-eabi/lib/thumb/v7-m/libnosys.a
END GROUP
START GROUP
LOAD /opt/SystemWorkbench/plugins/fr.ac6.mcu.externaltools.arm-none.linux64_1.17.0.201812190825/tools/compiler/bin/../lib/gcc/arm-none-eabi/7.3.1/thumb/v7-m/libgcc.a
LOAD /opt/SystemWorkbench/plugins/fr.ac6.mcu.externaltools.arm-none.linux64_1.17.0.201812190825/tools/compiler/bin/../lib/gcc/arm-none-eabi/7.3.1/../../../../arm-none-eabi/lib/thumb/v7-m/libc_nano.a
LOAD /opt/SystemWorkbench/plugins/fr.ac6.mcu.externaltools.arm-none.linux64_1.17.0.201812190825/tools/compiler/bin/../lib/gcc/arm-none-eabi/7.3.1/../../../../arm-none-eabi/lib/thumb/v7-m/libnosys.a
END GROUP
LOAD /opt/SystemWorkbench/plugins/fr.ac6.mcu.externaltools.arm-none.linux64_1.17.0.201812190825/tools/compiler/bin/../lib/gcc/arm-none-eabi/7.3.1/thumb/v7-m/crtend.o
LOAD /opt/SystemWorkbench/plugins/fr.ac6.mcu.externaltools.arm-none.linux64_1.17.0.201812190825/tools/compiler/bin/../lib/gcc/arm-none-eabi/7.3.1/thumb/v7-m/crtn.o
                0x0000000020005000                _estack = 0x20005000
                0x0000000000000200                _Min_Heap_Size = 0x200
                0x0000000000000400                _Min_Stack_Size = 0x400

.isr_vector     0x0000000008000000      0x10c
                0x0000000008000000                . = ALIGN (0x4)
 *(.isr_vector)
 .isr_vector    0x0000000008000000      0x10c startup/startup_stm32f103xb.o
                0x0000000008000000                g_pfnVectors
                0x000000000800010c                . = ALIGN (0x4)

.text           0x0000000008000110     0x8510
                0x0000000008000110                . = ALIGN (0x4)
 *(.text)
 .text          0x0000000008000110       0x40 /opt/SystemWorkbench/plugins/fr.ac6.mcu.externaltools.arm-none.linux64_1.17.0.201812190825/tools/compiler/bin/../lib/gcc/arm-none-eabi/7.3.1/thumb/v7-m/crtbegin.o
 .text          0x0000000008000150      0xa00 /opt/SystemWorkbench/plugins/fr.ac6.mcu.externaltools.arm-none.linux64_1.17.0.201812190825/tools/compiler/bin/../lib/gcc/arm-none-eabi/7.3.1/thumb/v7-m/libgcc.a(unwind-arm.o)
                0x000000000800040c                _Unwind_GetCFA
                0x0000000008000410                __gnu_Unwind_RaiseException
                0x0000000008000470                __gnu_Unwind_ForcedUnwind
                0x0000000008000484                __gnu_Unwind_Resume
                0x00000000080004c8                __gnu_Unwind_Resume_or_Rethrow
                0x00000000080004dc                _Unwind_Complete
                0x00000000080004e0                _Unwind_DeleteException
                0x00000000080004ec                _Unwind_VRS_Get
                0x0000000008000530                _Unwind_VRS_Set
                0x0000000008000578                __gnu_Unwind_Backtrace
                0x00000000080008c0                __aeabi_unwind_cpp_pr0
                0x00000000080008c4                __aeabi_unwind_cpp_pr1
                0x00000000080008c8                __aeabi_unwind_cpp_pr2
                0x00000000080008cc                _Unwind_VRS_Pop
 .text          0x0000000008000b50      0x1ac /opt/SystemWorkbench/plugins/fr.ac6.mcu.externaltools.arm-none.linux64_1.17.0.201812190825/tools/compiler/bin/../lib/gcc/arm-none-eabi/7.3.1/thumb/v7-m/libgcc.a(libunwind.o)
                0x0000000008000b50                __restore_core_regs
                0x0000000008000b50                restore_core_regs
                0x0000000008000b68                __gnu_Unwind_Restore_VFP
                0x0000000008000b70                __gnu_Unwind_Save_VFP
                0x0000000008000b78                __gnu_Unwind_Restore_VFP_D
                0x0000000008000b80                __gnu_Unwind_Save_VFP_D
                0x0000000008000b88                __gnu_Unwind_Restore_VFP_D_16_to_31
                0x0000000008000b90                __gnu_Unwind_Save_VFP_D_16_to_31
                0x0000000008000b98                __gnu_Unwind_Restore_WMMXD
                0x0000000008000bdc                __gnu_Unwind_Save_WMMXD
                0x0000000008000c20                __gnu_Unwind_Restore_WMMXC
                0x0000000008000c34                __gnu_Unwind_Save_WMMXC
                0x0000000008000c48                ___Unwind_RaiseException
                0x0000000008000c48                _Unwind_RaiseException
                0x0000000008000c6c                ___Unwind_Resume
                0x0000000008000c6c                _Unwind_Resume
                0x0000000008000c90                _Unwind_Resume_or_Rethrow
                0x0000000008000c90                ___Unwind_Resume_or_Rethrow
                0x0000000008000cb4                ___Unwind_ForcedUnwind
                0x0000000008000cb4                _Unwind_ForcedUnwind
                0x0000000008000cd8                _Unwind_Backtrace
                0x0000000008000cd8                ___Unwind_Backtrace
 .text          0x0000000008000cfc      0x378 /opt/SystemWorkbench/plugins/fr.ac6.mcu.externaltools.arm-none.linux64_1.17.0.201812190825/tools/compiler/bin/../lib/gcc/arm-none-eabi/7.3.1/thumb/v7-m/libgcc.a(pr-support.o)
                0x0000000008000d54                __gnu_unwind_execute
                0x0000000008001018                __gnu_unwind_frame
                0x0000000008001044                _Unwind_GetRegionStart
                0x0000000008001050                _Unwind_GetLanguageSpecificData
                0x0000000008001064                _Unwind_GetDataRelBase
                0x000000000800106c                _Unwind_GetTextRelBase
 .text          0x0000000008001074       0x14 /opt/SystemWorkbench/plugins/fr.ac6.mcu.externaltools.arm-none.linux64_1.17.0.201812190825/tools/compiler/bin/../lib/gcc/arm-none-eabi/7.3.1/../../../../arm-none-eabi/lib/thumb/v7-m/libc_nano.a(lib_a-strcmp.o)
                0x0000000008001074                strcmp
 *(.text*)
 .text._ZN18StateMachineManualD2Ev
                0x0000000008001088        0x4 Application/HeizStateMachine/MainMachine.o
                0x0000000008001088                StateMachineManual::~StateMachineManual()
                0x0000000008001088                StateMachineManual::~StateMachineManual()
 .text._ZN18StateMachineManual10initializeEP11SimpleQueueIaEa
                0x000000000800108c        0x4 Application/HeizStateMachine/MainMachine.o
                0x000000000800108c                StateMachineManual::initialize(SimpleQueue<signed char>*, signed char)
 .text._ZN11MainMachineD2Ev
                0x0000000008001090        0x4 Application/HeizStateMachine/MainMachine.o
                0x0000000008001090                MainMachine::~MainMachine()
                0x0000000008001090                MainMachine::~MainMachine()
 .text._ZN11MainMachineD0Ev
                0x0000000008001094       0x10 Application/HeizStateMachine/MainMachine.o
                0x0000000008001094                MainMachine::~MainMachine()
 .text._ZN11SimpleQueueIaED2Ev
                0x00000000080010a4       0x18 Application/HeizStateMachine/MainMachine.o
                0x00000000080010a4                SimpleQueue<signed char>::~SimpleQueue()
                0x00000000080010a4                SimpleQueue<signed char>::~SimpleQueue()
 .text._ZN11SimpleQueueIaED0Ev
                0x00000000080010bc       0x20 Application/HeizStateMachine/MainMachine.o
                0x00000000080010bc                SimpleQueue<signed char>::~SimpleQueue()
 .text._ZN16StateMachineList11MachineListI18StateMachineManualED2Ev
                0x00000000080010dc       0x90 Application/HeizStateMachine/MainMachine.o
                0x00000000080010dc                StateMachineList::MachineList<StateMachineManual>::~MachineList()
                0x00000000080010dc                StateMachineList::MachineList<StateMachineManual>::~MachineList()
 .text._ZN15SchedulerManualD2Ev
                0x000000000800116c       0x98 Application/HeizStateMachine/MainMachine.o
                0x000000000800116c                SchedulerManual::~SchedulerManual()
                0x000000000800116c                SchedulerManual::~SchedulerManual()
 .text._ZN16StateMachineList11MachineListI18StateMachineManualED0Ev
                0x0000000008001204       0xa0 Application/HeizStateMachine/MainMachine.o
                0x0000000008001204                StateMachineList::MachineList<StateMachineManual>::~MachineList()
 .text._ZN15SchedulerManualD0Ev
                0x00000000080012a4       0xa8 Application/HeizStateMachine/MainMachine.o
                0x00000000080012a4                SchedulerManual::~SchedulerManual()
 .text._ZN18StateMachineManualD0Ev
                0x000000000800134c       0x10 Application/HeizStateMachine/MainMachine.o
                0x000000000800134c                StateMachineManual::~StateMachineManual()
 .text._ZN11MainMachineC2EP9RtcSocket
                0x000000000800135c      0x168 Application/HeizStateMachine/MainMachine.o
                0x000000000800135c                MainMachine::MainMachine(RtcSocket*)
                0x000000000800135c                MainMachine::MainMachine(RtcSocket*)
 .text._ZN11MainMachine5cycleEv
                0x00000000080014c4       0xd0 Application/HeizStateMachine/MainMachine.o
                0x00000000080014c4                MainMachine::cycle()
 .text._ZN18StateMachineManual5cycleEv
                0x0000000008001594        0x4 Application/HeizStateMachine/StateManual/StateMachineManual.o
                0x0000000008001594                StateMachineManual::cycle()
 .text._ZN18StateMachineManualC2Ev
                0x0000000008001598       0x10 Application/HeizStateMachine/StateManual/StateMachineManual.o
                0x0000000008001598                StateMachineManual::StateMachineManual()
                0x0000000008001598                StateMachineManual::StateMachineManual()
 .text._ZN18StateMachineWinterD2Ev
                0x00000000080015a8        0x4 Application/HeizStateMachine/StateSummer/SchedulerSummer.o
                0x00000000080015a8                StateMachineWinter::~StateMachineWinter()
                0x00000000080015a8                StateMachineWinter::~StateMachineWinter()
 .text._ZN16StateMachineList11MachineListI18StateMachineWinterED2Ev
                0x00000000080015ac       0x88 Application/HeizStateMachine/StateSummer/SchedulerSummer.o
                0x00000000080015ac                StateMachineList::MachineList<StateMachineWinter>::~MachineList()
                0x00000000080015ac                StateMachineList::MachineList<StateMachineWinter>::~MachineList()
 .text._ZN13SummerMachine15SchedulerSummerD2Ev
                0x0000000008001634       0x90 Application/HeizStateMachine/StateSummer/SchedulerSummer.o
                0x0000000008001634                SummerMachine::SchedulerSummer::~SchedulerSummer()
                0x0000000008001634                SummerMachine::SchedulerSummer::~SchedulerSummer()
 .text._ZN16StateMachineList11MachineListI18StateMachineWinterED0Ev
                0x00000000080016c4       0x98 Application/HeizStateMachine/StateSummer/SchedulerSummer.o
                0x00000000080016c4                StateMachineList::MachineList<StateMachineWinter>::~MachineList()
 .text._ZN13SummerMachine15SchedulerSummerD0Ev
                0x000000000800175c       0xa0 Application/HeizStateMachine/StateSummer/SchedulerSummer.o
                0x000000000800175c                SummerMachine::SchedulerSummer::~SchedulerSummer()
 .text._ZN18StateMachineWinterD0Ev
                0x00000000080017fc       0x10 Application/HeizStateMachine/StateSummer/SchedulerSummer.o
                0x00000000080017fc                StateMachineWinter::~StateMachineWinter()
 .text._ZN13SummerMachine15SchedulerSummerC2EP9RtcSocketh
                0x000000000800180c      0x134 Application/HeizStateMachine/StateSummer/SchedulerSummer.o
                0x000000000800180c                SummerMachine::SchedulerSummer::SchedulerSummer(RtcSocket*, unsigned char)
                0x000000000800180c                SummerMachine::SchedulerSummer::SchedulerSummer(RtcSocket*, unsigned char)
 .text._ZN13SummerMachine15SchedulerSummer5cycleEv
                0x0000000008001940      0x1b8 Application/HeizStateMachine/StateSummer/SchedulerSummer.o
                0x0000000008001940                SummerMachine::SchedulerSummer::cycle()
 .text._ZN15SchedulerWinterD2Ev
                0x0000000008001af8       0x90 Application/HeizStateMachine/StateWinter/SchedulerWinter.o
                0x0000000008001af8                SchedulerWinter::~SchedulerWinter()
                0x0000000008001af8                SchedulerWinter::~SchedulerWinter()
 .text._ZN15SchedulerWinterD0Ev
                0x0000000008001b88       0xa0 Application/HeizStateMachine/StateWinter/SchedulerWinter.o
                0x0000000008001b88                SchedulerWinter::~SchedulerWinter()
 .text._ZN15SchedulerWinterC2Eh
                0x0000000008001c28       0xe4 Application/HeizStateMachine/StateWinter/SchedulerWinter.o
                0x0000000008001c28                SchedulerWinter::SchedulerWinter(unsigned char)
                0x0000000008001c28                SchedulerWinter::SchedulerWinter(unsigned char)
 .text._ZN15SchedulerWinter5cycleEv
                0x0000000008001d0c      0x108 Application/HeizStateMachine/StateWinter/SchedulerWinter.o
                0x0000000008001d0c                SchedulerWinter::cycle()
 .text._ZN15SchedulerWinter14get_tactiveMaxEa
                0x0000000008001e14       0x28 Application/HeizStateMachine/StateWinter/SchedulerWinter.o
                0x0000000008001e14                SchedulerWinter::get_tactiveMax(signed char)
 .text._ZN15SchedulerWinter13get_tpauseMaxEa
                0x0000000008001e3c       0x28 Application/HeizStateMachine/StateWinter/SchedulerWinter.o
                0x0000000008001e3c                SchedulerWinter::get_tpauseMax(signed char)
 .text._ZN15SchedulerWinter11get_tactiveEa
                0x0000000008001e64       0x28 Application/HeizStateMachine/StateWinter/SchedulerWinter.o
                0x0000000008001e64                SchedulerWinter::get_tactive(signed char)
 .text._ZN15SchedulerWinter10get_tpauseEa
                0x0000000008001e8c       0x28 Application/HeizStateMachine/StateWinter/SchedulerWinter.o
                0x0000000008001e8c                SchedulerWinter::get_tpause(signed char)
 .text._ZN18StateMachineWinter10initializeEP11SimpleQueueIaEa
                0x0000000008001eb4       0x24 Application/HeizStateMachine/StateWinter/StateMachineWinter.o
                0x0000000008001eb4                StateMachineWinter::initialize(SimpleQueue<signed char>*, signed char)
 .text._ZN18StateMachineWinterC2Ev
                0x0000000008001ed8       0x30 Application/HeizStateMachine/StateWinter/StateMachineWinter.o
                0x0000000008001ed8                StateMachineWinter::StateMachineWinter()
                0x0000000008001ed8                StateMachineWinter::StateMachineWinter()
 .text._ZN18StateMachineWinter9st_activeEv
                0x0000000008001f08       0x80 Application/HeizStateMachine/StateWinter/StateMachineWinter.o
                0x0000000008001f08                StateMachineWinter::st_active()
 .text._ZN18StateMachineWinter5cycleEv
                0x0000000008001f88      0x124 Application/HeizStateMachine/StateWinter/StateMachineWinter.o
                0x0000000008001f88                StateMachineWinter::cycle()
 .text.startup._GLOBAL__sub_I__ZN12Heiz_display10setup_valsE
                0x00000000080020ac      0x204 Application/heiz_display.o
 .text.HAL_Init
                0x00000000080022b0       0x24 Drivers/STM32F1xx_HAL_Driver/Src/stm32f1xx_hal.o
                0x00000000080022b0                HAL_Init
 .text.HAL_IncTick
                0x00000000080022d4       0x18 Drivers/STM32F1xx_HAL_Driver/Src/stm32f1xx_hal.o
                0x00000000080022d4                HAL_IncTick
 .text.HAL_GetTick
                0x00000000080022ec        0xc Drivers/STM32F1xx_HAL_Driver/Src/stm32f1xx_hal.o
                0x00000000080022ec                HAL_GetTick
 .text.HAL_NVIC_SetPriorityGrouping
                0x00000000080022f8       0x38 Drivers/STM32F1xx_HAL_Driver/Src/stm32f1xx_hal_cortex.o
                0x00000000080022f8                HAL_NVIC_SetPriorityGrouping
 .text.HAL_NVIC_SetPriority
                0x0000000008002330       0x90 Drivers/STM32F1xx_HAL_Driver/Src/stm32f1xx_hal_cortex.o
                0x0000000008002330                HAL_NVIC_SetPriority
 .text.HAL_NVIC_EnableIRQ
                0x00000000080023c0       0x2c Drivers/STM32F1xx_HAL_Driver/Src/stm32f1xx_hal_cortex.o
                0x00000000080023c0                HAL_NVIC_EnableIRQ
 .text.HAL_DMA_Init
                0x00000000080023ec      0x158 Drivers/STM32F1xx_HAL_Driver/Src/stm32f1xx_hal_dma.o
                0x00000000080023ec                HAL_DMA_Init
 .text.HAL_DMA_Start_IT
                0x0000000008002544       0xb4 Drivers/STM32F1xx_HAL_Driver/Src/stm32f1xx_hal_dma.o
                0x0000000008002544                HAL_DMA_Start_IT
 .text.HAL_DMA_Abort_IT
                0x00000000080025f8       0x98 Drivers/STM32F1xx_HAL_Driver/Src/stm32f1xx_hal_dma.o
                0x00000000080025f8                HAL_DMA_Abort_IT
 .text.HAL_DMA_IRQHandler
                0x0000000008002690      0x12c Drivers/STM32F1xx_HAL_Driver/Src/stm32f1xx_hal_dma.o
                0x0000000008002690                HAL_DMA_IRQHandler
 .text.HAL_GPIO_Init
                0x00000000080027bc      0x350 Drivers/STM32F1xx_HAL_Driver/Src/stm32f1xx_hal_gpio.o
                0x00000000080027bc                HAL_GPIO_Init
 .text.HAL_GPIO_WritePin
                0x0000000008002b0c       0x34 Drivers/STM32F1xx_HAL_Driver/Src/stm32f1xx_hal_gpio.o
                0x0000000008002b0c                HAL_GPIO_WritePin
 .text.HAL_GPIO_TogglePin
                0x0000000008002b40       0x20 Drivers/STM32F1xx_HAL_Driver/Src/stm32f1xx_hal_gpio.o
                0x0000000008002b40                HAL_GPIO_TogglePin
 .text.HAL_PWR_EnableBkUpAccess
                0x0000000008002b60        0xc Drivers/STM32F1xx_HAL_Driver/Src/stm32f1xx_hal_pwr.o
                0x0000000008002b60                HAL_PWR_EnableBkUpAccess
 .text.HAL_RCC_OscConfig
                0x0000000008002b6c      0x4d8 Drivers/STM32F1xx_HAL_Driver/Src/stm32f1xx_hal_rcc.o
                0x0000000008002b6c                HAL_RCC_OscConfig
 .text.HAL_RCC_ClockConfig
                0x0000000008003044      0x28c Drivers/STM32F1xx_HAL_Driver/Src/stm32f1xx_hal_rcc.o
                0x0000000008003044                HAL_RCC_ClockConfig
 .text.HAL_RCC_GetPCLK1Freq
                0x00000000080032d0       0x20 Drivers/STM32F1xx_HAL_Driver/Src/stm32f1xx_hal_rcc.o
                0x00000000080032d0                HAL_RCC_GetPCLK1Freq
 .text.HAL_RCC_GetPCLK2Freq
                0x00000000080032f0       0x20 Drivers/STM32F1xx_HAL_Driver/Src/stm32f1xx_hal_rcc.o
                0x00000000080032f0                HAL_RCC_GetPCLK2Freq
 .text.HAL_RCC_GetClockConfig
                0x0000000008003310       0x64 Drivers/STM32F1xx_HAL_Driver/Src/stm32f1xx_hal_rcc.o
                0x0000000008003310                HAL_RCC_GetClockConfig
 .text.HAL_RCCEx_PeriphCLKConfig
                0x0000000008003374      0x150 Drivers/STM32F1xx_HAL_Driver/Src/stm32f1xx_hal_rcc_ex.o
                0x0000000008003374                HAL_RCCEx_PeriphCLKConfig
 .text.HAL_RCCEx_GetPeriphCLKFreq
                0x00000000080034c4      0x108 Drivers/STM32F1xx_HAL_Driver/Src/stm32f1xx_hal_rcc_ex.o
                0x00000000080034c4                HAL_RCCEx_GetPeriphCLKFreq
 .text.HAL_RTC_Init
                0x00000000080035cc      0x154 Drivers/STM32F1xx_HAL_Driver/Src/stm32f1xx_hal_rtc.o
                0x00000000080035cc                HAL_RTC_Init
 .text.HAL_RTC_SetTime
                0x0000000008003720      0x228 Drivers/STM32F1xx_HAL_Driver/Src/stm32f1xx_hal_rtc.o
                0x0000000008003720                HAL_RTC_SetTime
 .text.HAL_RTC_GetTime
                0x0000000008003948      0x59c Drivers/STM32F1xx_HAL_Driver/Src/stm32f1xx_hal_rtc.o
                0x0000000008003948                HAL_RTC_GetTime
 .text.HAL_RTC_SetDate
                0x0000000008003ee4      0x2cc Drivers/STM32F1xx_HAL_Driver/Src/stm32f1xx_hal_rtc.o
                0x0000000008003ee4                HAL_RTC_SetDate
 .text.HAL_RTC_GetDate
                0x00000000080041b0      0x530 Drivers/STM32F1xx_HAL_Driver/Src/stm32f1xx_hal_rtc.o
                0x00000000080041b0                HAL_RTC_GetDate
 .text.HAL_TIM_Base_MspInit
                0x00000000080046e0        0x4 Drivers/STM32F1xx_HAL_Driver/Src/stm32f1xx_hal_tim.o
                0x00000000080046e0                HAL_TIM_Base_MspInit
 .text.HAL_TIM_Base_Init
                0x00000000080046e4      0x114 Drivers/STM32F1xx_HAL_Driver/Src/stm32f1xx_hal_tim.o
                0x00000000080046e4                HAL_TIM_Base_Init
 .text.HAL_TIM_Base_Start_IT
                0x00000000080047f8       0x4c Drivers/STM32F1xx_HAL_Driver/Src/stm32f1xx_hal_tim.o
                0x00000000080047f8                HAL_TIM_Base_Start_IT
 .text.HAL_TIM_OC_DelayElapsedCallback
                0x0000000008004844        0x4 Drivers/STM32F1xx_HAL_Driver/Src/stm32f1xx_hal_tim.o
                0x0000000008004844                HAL_TIM_OC_DelayElapsedCallback
 .text.HAL_TIM_IC_CaptureCallback
                0x0000000008004848        0x4 Drivers/STM32F1xx_HAL_Driver/Src/stm32f1xx_hal_tim.o
                0x0000000008004848                HAL_TIM_IC_CaptureCallback
 .text.HAL_TIM_PWM_PulseFinishedCallback
                0x000000000800484c        0x4 Drivers/STM32F1xx_HAL_Driver/Src/stm32f1xx_hal_tim.o
                0x000000000800484c                HAL_TIM_PWM_PulseFinishedCallback
 .text.HAL_TIM_TriggerCallback
                0x0000000008004850        0x4 Drivers/STM32F1xx_HAL_Driver/Src/stm32f1xx_hal_tim.o
                0x0000000008004850                HAL_TIM_TriggerCallback
 .text.HAL_TIM_IRQHandler
                0x0000000008004854      0x154 Drivers/STM32F1xx_HAL_Driver/Src/stm32f1xx_hal_tim.o
                0x0000000008004854                HAL_TIM_IRQHandler
 .text.HAL_TIMEx_CommutationCallback
                0x00000000080049a8        0x4 Drivers/STM32F1xx_HAL_Driver/Src/stm32f1xx_hal_tim_ex.o
                0x00000000080049a8                HAL_TIMEx_CommutationCallback
 .text.HAL_TIMEx_BreakCallback
                0x00000000080049ac        0x4 Drivers/STM32F1xx_HAL_Driver/Src/stm32f1xx_hal_tim_ex.o
                0x00000000080049ac                HAL_TIMEx_BreakCallback
 .text.HAL_UART_Init
                0x00000000080049b0      0x2c0 Drivers/STM32F1xx_HAL_Driver/Src/stm32f1xx_hal_uart.o
                0x00000000080049b0                HAL_UART_Init
 .text.HAL_UART_Transmit_DMA
                0x0000000008004c70       0x74 Drivers/STM32F1xx_HAL_Driver/Src/stm32f1xx_hal_uart.o
                0x0000000008004c70                HAL_UART_Transmit_DMA
 .text.HAL_UART_TxCpltCallback
                0x0000000008004ce4        0x4 Drivers/STM32F1xx_HAL_Driver/Src/stm32f1xx_hal_uart.o
                0x0000000008004ce4                HAL_UART_TxCpltCallback
 .text.UART_DMATransmitCplt
                0x0000000008004ce8       0x2c Drivers/STM32F1xx_HAL_Driver/Src/stm32f1xx_hal_uart.o
 .text.HAL_UART_TxHalfCpltCallback
                0x0000000008004d14        0x4 Drivers/STM32F1xx_HAL_Driver/Src/stm32f1xx_hal_uart.o
                0x0000000008004d14                HAL_UART_TxHalfCpltCallback
 .text.UART_DMATxHalfCplt
                0x0000000008004d18        0xc Drivers/STM32F1xx_HAL_Driver/Src/stm32f1xx_hal_uart.o
 .text.UART_Receive_IT.part.1
                0x0000000008004d24       0x6c Drivers/STM32F1xx_HAL_Driver/Src/stm32f1xx_hal_uart.o
 .text.HAL_UART_ErrorCallback
                0x0000000008004d90        0x4 Drivers/STM32F1xx_HAL_Driver/Src/stm32f1xx_hal_uart.o
                0x0000000008004d90                HAL_UART_ErrorCallback
 .text.UART_DMAError
                0x0000000008004d94       0x64 Drivers/STM32F1xx_HAL_Driver/Src/stm32f1xx_hal_uart.o
 .text.HAL_UART_IRQHandler
                0x0000000008004df8      0x184 Drivers/STM32F1xx_HAL_Driver/Src/stm32f1xx_hal_uart.o
                0x0000000008004df8                HAL_UART_IRQHandler
 .text.UART_DMAAbortOnError
                0x0000000008004f7c       0x14 Drivers/STM32F1xx_HAL_Driver/Src/stm32f1xx_hal_uart.o
 .text.HAL_UART_GetState
                0x0000000008004f90        0xc Drivers/STM32F1xx_HAL_Driver/Src/stm32f1xx_hal_uart.o
                0x0000000008004f90                HAL_UART_GetState
 .text._ZN9NexButtonC2EhhPKc
                0x0000000008004f9c        0xc Framework/Devices/Nextion/ITEADLIB_Nextion/NexButton.o
                0x0000000008004f9c                NexButton::NexButton(unsigned char, unsigned char, char const*)
                0x0000000008004f9c                NexButton::NexButton(unsigned char, unsigned char, char const*)
 .text._ZN11NexDSButtonC2EhhPKc
                0x0000000008004fa8        0xc Framework/Devices/Nextion/ITEADLIB_Nextion/NexDualStateButton.o
                0x0000000008004fa8                NexDSButton::NexDSButton(unsigned char, unsigned char, char const*)
                0x0000000008004fa8                NexDSButton::NexDSButton(unsigned char, unsigned char, char const*)
 .text._ZN9NexNumberC2EhhPKc
                0x0000000008004fb4        0xc Framework/Devices/Nextion/ITEADLIB_Nextion/NexNumber.o
                0x0000000008004fb4                NexNumber::NexNumber(unsigned char, unsigned char, char const*)
                0x0000000008004fb4                NexNumber::NexNumber(unsigned char, unsigned char, char const*)
 .text._ZN9NexObjectC2EhhPKc
                0x0000000008004fc0        0xc Framework/Devices/Nextion/ITEADLIB_Nextion/NexObject.o
                0x0000000008004fc0                NexObject::NexObject(unsigned char, unsigned char, char const*)
                0x0000000008004fc0                NexObject::NexObject(unsigned char, unsigned char, char const*)
 .text._ZN7NexTextC2EhhPKc
                0x0000000008004fcc        0xc Framework/Devices/Nextion/ITEADLIB_Nextion/NexText.o
                0x0000000008004fcc                NexText::NexText(unsigned char, unsigned char, char const*)
                0x0000000008004fcc                NexText::NexText(unsigned char, unsigned char, char const*)
 .text._ZN8NexTouchC2EhhPKc
                0x0000000008004fd8       0x18 Framework/Devices/Nextion/ITEADLIB_Nextion/NexTouch.o
                0x0000000008004fd8                NexTouch::NexTouch(unsigned char, unsigned char, char const*)
                0x0000000008004fd8                NexTouch::NexTouch(unsigned char, unsigned char, char const*)
 .text._ZN11NexVariableC2EhhPKc
                0x0000000008004ff0        0xc Framework/Devices/Nextion/ITEADLIB_Nextion/NexVariable.o
                0x0000000008004ff0                NexVariable::NexVariable(unsigned char, unsigned char, char const*)
                0x0000000008004ff0                NexVariable::NexVariable(unsigned char, unsigned char, char const*)
 .text._ZN6Common4initEv
                0x0000000008004ffc       0x64 Framework/Instances/Common.o
                0x0000000008004ffc                Common::init()
 .text._ZN6Common8get_tickEv
                0x0000000008005060        0x4 Framework/Instances/Common.o
                0x0000000008005060                Common::get_tick()
 .text.HAL_UART_RxCpltCallback
                0x0000000008005064       0x70 Framework/Instances/callbacks.o
                0x0000000008005064                HAL_UART_RxCpltCallback
 .text._ZN9RtcSocketD2Ev
                0x00000000080050d4        0x4 Framework/Sockets/RtcSocket.o
                0x00000000080050d4                RtcSocket::~RtcSocket()
                0x00000000080050d4                RtcSocket::~RtcSocket()
 .text._ZN9RtcSocketD0Ev
                0x00000000080050d8       0x10 Framework/Sockets/RtcSocket.o
                0x00000000080050d8                RtcSocket::~RtcSocket()
 .text._Zeq15RTC_TimeTypeDefS_
                0x00000000080050e8       0x38 Framework/Sockets/RtcSocket.o
                0x00000000080050e8                operator==(RTC_TimeTypeDef, RTC_TimeTypeDef)
 .text._ZN9RtcSocketC2EP17RTC_HandleTypeDef
                0x0000000008005120       0x34 Framework/Sockets/RtcSocket.o
                0x0000000008005120                RtcSocket::RtcSocket(RTC_HandleTypeDef*)
                0x0000000008005120                RtcSocket::RtcSocket(RTC_HandleTypeDef*)
 .text._ZN9RtcSocket8get_dateEv
                0x0000000008005154       0x34 Framework/Sockets/RtcSocket.o
                0x0000000008005154                RtcSocket::get_date()
 .text._ZN9RtcSocket8get_timeEv
                0x0000000008005188       0x30 Framework/Sockets/RtcSocket.o
                0x0000000008005188                RtcSocket::get_time()
 .text._Z13error_handlerPKcm
                0x00000000080051b8       0x14 Framework/System/Error_Handler.o
                0x00000000080051b8                error_handler(char const*, unsigned long)
 .text.tx_printf
                0x00000000080051cc       0x80 Framework/System/uart_printf.o
                0x00000000080051cc                tx_printf
 .text.StartControlTsk
                0x000000000800524c       0xbc Framework/Tasks/controlTask.o
                0x000000000800524c                StartControlTsk
 .text.StartDisplayTsk
                0x0000000008005308       0x30 Framework/Tasks/displayTask.o
                0x0000000008005308                StartDisplayTsk
 .text.osKernelStart
                0x0000000008005338        0xc Middlewares/Third_Party/FreeRTOS/Source/CMSIS_RTOS/cmsis_os.o
                0x0000000008005338                osKernelStart
 .text.osThreadCreate
                0x0000000008005344       0x54 Middlewares/Third_Party/FreeRTOS/Source/CMSIS_RTOS/cmsis_os.o
                0x0000000008005344                osThreadCreate
 .text.osDelay  0x0000000008005398       0x10 Middlewares/Third_Party/FreeRTOS/Source/CMSIS_RTOS/cmsis_os.o
                0x0000000008005398                osDelay
 .text.osSignalWait
                0x00000000080053a8       0x4c Middlewares/Third_Party/FreeRTOS/Source/CMSIS_RTOS/cmsis_os.o
                0x00000000080053a8                osSignalWait
 .text.vListInitialise
                0x00000000080053f4       0x18 Middlewares/Third_Party/FreeRTOS/Source/list.o
                0x00000000080053f4                vListInitialise
 .text.vListInitialiseItem
                0x000000000800540c        0x8 Middlewares/Third_Party/FreeRTOS/Source/list.o
                0x000000000800540c                vListInitialiseItem
 .text.vListInsertEnd
                0x0000000008005414       0x1c Middlewares/Third_Party/FreeRTOS/Source/list.o
                0x0000000008005414                vListInsertEnd
 .text.vListInsert
                0x0000000008005430       0x34 Middlewares/Third_Party/FreeRTOS/Source/list.o
                0x0000000008005430                vListInsert
 .text.uxListRemove
                0x0000000008005464       0x24 Middlewares/Third_Party/FreeRTOS/Source/list.o
                0x0000000008005464                uxListRemove
 .text.prvAddNewTaskToReadyList
                0x0000000008005488       0xe4 Middlewares/Third_Party/FreeRTOS/Source/tasks.o
 .text.prvAddCurrentTaskToDelayedList
                0x000000000800556c       0x7c Middlewares/Third_Party/FreeRTOS/Source/tasks.o
 .text.xTaskCreateStatic
                0x00000000080055e8      0x140 Middlewares/Third_Party/FreeRTOS/Source/tasks.o
                0x00000000080055e8                xTaskCreateStatic
 .text.xTaskCreate
                0x0000000008005728      0x150 Middlewares/Third_Party/FreeRTOS/Source/tasks.o
                0x0000000008005728                xTaskCreate
 .text.vTaskStartScheduler
                0x0000000008005878       0xd4 Middlewares/Third_Party/FreeRTOS/Source/tasks.o
                0x0000000008005878                vTaskStartScheduler
 .text.vTaskSuspendAll
                0x000000000800594c       0x14 Middlewares/Third_Party/FreeRTOS/Source/tasks.o
                0x000000000800594c                vTaskSuspendAll
 .text.xTaskIncrementTick
                0x0000000008005960      0x128 Middlewares/Third_Party/FreeRTOS/Source/tasks.o
                0x0000000008005960                xTaskIncrementTick
 .text.xTaskResumeAll
                0x0000000008005a88       0xf4 Middlewares/Third_Party/FreeRTOS/Source/tasks.o
                0x0000000008005a88                xTaskResumeAll
 .text.vTaskDelay
                0x0000000008005b7c       0x4c Middlewares/Third_Party/FreeRTOS/Source/tasks.o
                0x0000000008005b7c                vTaskDelay
 .text.prvIdleTask
                0x0000000008005bc8       0x9c Middlewares/Third_Party/FreeRTOS/Source/tasks.o
 .text.vTaskSwitchContext
                0x0000000008005c64       0x68 Middlewares/Third_Party/FreeRTOS/Source/tasks.o
                0x0000000008005c64                vTaskSwitchContext
 .text.xTaskNotifyWait
                0x0000000008005ccc       0xf0 Middlewares/Third_Party/FreeRTOS/Source/tasks.o
                0x0000000008005ccc                xTaskNotifyWait
 .text.prvTaskExitError
                0x0000000008005dbc       0x30 Middlewares/Third_Party/FreeRTOS/Source/portable/GCC/ARM_CM3/port.o
 .text.prvPortStartFirstTask
                0x0000000008005dec       0x20 Middlewares/Third_Party/FreeRTOS/Source/portable/GCC/ARM_CM3/port.o
 .text.pxPortInitialiseStack
                0x0000000008005e0c       0x24 Middlewares/Third_Party/FreeRTOS/Source/portable/GCC/ARM_CM3/port.o
                0x0000000008005e0c                pxPortInitialiseStack
 .text.SVC_Handler
                0x0000000008005e30       0x24 Middlewares/Third_Party/FreeRTOS/Source/portable/GCC/ARM_CM3/port.o
                0x0000000008005e30                SVC_Handler
 .text.vPortEnterCritical
                0x0000000008005e54       0x44 Middlewares/Third_Party/FreeRTOS/Source/portable/GCC/ARM_CM3/port.o
                0x0000000008005e54                vPortEnterCritical
 .text.vPortExitCritical
                0x0000000008005e98       0x28 Middlewares/Third_Party/FreeRTOS/Source/portable/GCC/ARM_CM3/port.o
                0x0000000008005e98                vPortExitCritical
 .text.PendSV_Handler
                0x0000000008005ec0       0x44 Middlewares/Third_Party/FreeRTOS/Source/portable/GCC/ARM_CM3/port.o
                0x0000000008005ec0                PendSV_Handler
 .text.SysTick_Handler
                0x0000000008005f04       0x2c Middlewares/Third_Party/FreeRTOS/Source/portable/GCC/ARM_CM3/port.o
                0x0000000008005f04                SysTick_Handler
 .text.vPortSetupTimerInterrupt
                0x0000000008005f30       0x2c Middlewares/Third_Party/FreeRTOS/Source/portable/GCC/ARM_CM3/port.o
                0x0000000008005f30                vPortSetupTimerInterrupt
 .text.xPortStartScheduler
                0x0000000008005f5c       0x98 Middlewares/Third_Party/FreeRTOS/Source/portable/GCC/ARM_CM3/port.o
                0x0000000008005f5c                xPortStartScheduler
 .text.unlikely.prvInsertBlockIntoFreeList
                0x0000000008005ff4       0x4c Middlewares/Third_Party/FreeRTOS/Source/portable/MemMang/heap_4.o
 .text.pvPortMalloc
                0x0000000008006040      0x10c Middlewares/Third_Party/FreeRTOS/Source/portable/MemMang/heap_4.o
                0x0000000008006040                pvPortMalloc
 .text.vPortFree
                0x000000000800614c       0x70 Middlewares/Third_Party/FreeRTOS/Source/portable/MemMang/heap_4.o
                0x000000000800614c                vPortFree
 .text.vApplicationGetIdleTaskMemory
                0x00000000080061bc       0x18 Src/freertos.o
                0x00000000080061bc                vApplicationGetIdleTaskMemory
 .text.get_huart3
                0x00000000080061d4        0x8 Src/main.o
                0x00000000080061d4                get_huart3
 .text.get_rtc  0x00000000080061dc        0x8 Src/main.o
                0x00000000080061dc                get_rtc
 .text.SystemClock_Config
                0x00000000080061e4       0x74 Src/main.o
                0x00000000080061e4                SystemClock_Config
 .text.startup.main
                0x0000000008006258      0x22c Src/main.o
                0x0000000008006258                main
 .text.HAL_TIM_PeriodElapsedCallback
                0x0000000008006484       0x14 Src/main.o
                0x0000000008006484                HAL_TIM_PeriodElapsedCallback
 .text.Error_Handler
                0x0000000008006498        0x4 Src/main.o
                0x0000000008006498                Error_Handler
 .text.assert_failed
                0x000000000800649c        0x4 Src/main.o
                0x000000000800649c                assert_failed
 .text.HAL_MspInit
                0x00000000080064a0       0x50 Src/stm32f1xx_hal_msp.o
                0x00000000080064a0                HAL_MspInit
 .text.HAL_RTC_MspInit
                0x00000000080064f0       0x40 Src/stm32f1xx_hal_msp.o
                0x00000000080064f0                HAL_RTC_MspInit
 .text.HAL_UART_MspInit
                0x0000000008006530      0x1c8 Src/stm32f1xx_hal_msp.o
                0x0000000008006530                HAL_UART_MspInit
 .text.HAL_InitTick
                0x00000000080066f8       0x7c Src/stm32f1xx_hal_timebase_tim.o
                0x00000000080066f8                HAL_InitTick
 .text.NMI_Handler
                0x0000000008006774        0x4 Src/stm32f1xx_it.o
                0x0000000008006774                NMI_Handler
 .text.HardFault_Handler
                0x0000000008006778        0x4 Src/stm32f1xx_it.o
                0x0000000008006778                HardFault_Handler
 .text.MemManage_Handler
                0x000000000800677c        0x4 Src/stm32f1xx_it.o
                0x000000000800677c                MemManage_Handler
 .text.BusFault_Handler
                0x0000000008006780        0x4 Src/stm32f1xx_it.o
                0x0000000008006780                BusFault_Handler
 .text.UsageFault_Handler
                0x0000000008006784        0x4 Src/stm32f1xx_it.o
                0x0000000008006784                UsageFault_Handler
 .text.DebugMon_Handler
                0x0000000008006788        0x4 Src/stm32f1xx_it.o
                0x0000000008006788                DebugMon_Handler
 .text.DMA1_Channel2_IRQHandler
                0x000000000800678c        0xc Src/stm32f1xx_it.o
                0x000000000800678c                DMA1_Channel2_IRQHandler
 .text.DMA1_Channel3_IRQHandler
                0x0000000008006798        0xc Src/stm32f1xx_it.o
                0x0000000008006798                DMA1_Channel3_IRQHandler
 .text.DMA1_Channel4_IRQHandler
                0x00000000080067a4        0xc Src/stm32f1xx_it.o
                0x00000000080067a4                DMA1_Channel4_IRQHandler
 .text.DMA1_Channel5_IRQHandler
                0x00000000080067b0        0xc Src/stm32f1xx_it.o
                0x00000000080067b0                DMA1_Channel5_IRQHandler
 .text.TIM1_UP_IRQHandler
                0x00000000080067bc        0xc Src/stm32f1xx_it.o
                0x00000000080067bc                TIM1_UP_IRQHandler
 .text.USART1_IRQHandler
                0x00000000080067c8        0xc Src/stm32f1xx_it.o
                0x00000000080067c8                USART1_IRQHandler
 .text.USART3_IRQHandler
                0x00000000080067d4        0xc Src/stm32f1xx_it.o
                0x00000000080067d4                USART3_IRQHandler
 .text._getpid  0x00000000080067e0        0x4 Src/syscalls.o
                0x00000000080067e0                _getpid
 .text._kill    0x00000000080067e4       0x10 Src/syscalls.o
                0x00000000080067e4                _kill
 .text._exit    0x00000000080067f4        0xc Src/syscalls.o
                0x00000000080067f4                _exit
 .text._read    0x0000000008006800       0x1c Src/syscalls.o
                0x0000000008006800                _read
 .text._write   0x000000000800681c       0x1c Src/syscalls.o
                0x000000000800681c                _write
 .text._sbrk    0x0000000008006838       0x3c Src/syscalls.o
                0x0000000008006838                _sbrk
 .text._close   0x0000000008006874        0x8 Src/syscalls.o
                0x0000000008006874                _close
 .text._fstat   0x000000000800687c        0xc Src/syscalls.o
                0x000000000800687c                _fstat
 .text._isatty  0x0000000008006888        0x4 Src/syscalls.o
                0x0000000008006888                _isatty
 .text._lseek   0x000000000800688c        0x4 Src/syscalls.o
                0x000000000800688c                _lseek
 .text.SystemInit
                0x0000000008006890       0x50 Src/system_stm32f1xx.o
                0x0000000008006890                SystemInit
 .text.Reset_Handler
                0x00000000080068e0       0x48 startup/startup_stm32f103xb.o
                0x00000000080068e0                Reset_Handler
 .text.Default_Handler
                0x0000000008006928        0x2 startup/startup_stm32f103xb.o
                0x0000000008006928                RTC_Alarm_IRQHandler
                0x0000000008006928                EXTI2_IRQHandler
                0x0000000008006928                TIM1_CC_IRQHandler
                0x0000000008006928                PVD_IRQHandler
                0x0000000008006928                EXTI3_IRQHandler
                0x0000000008006928                EXTI0_IRQHandler
                0x0000000008006928                I2C2_EV_IRQHandler
                0x0000000008006928                ADC1_2_IRQHandler
                0x0000000008006928                SPI1_IRQHandler
                0x0000000008006928                TAMPER_IRQHandler
                0x0000000008006928                RTC_IRQHandler
                0x0000000008006928                DMA1_Channel7_IRQHandler
                0x0000000008006928                CAN1_RX1_IRQHandler
                0x0000000008006928                TIM4_IRQHandler
                0x0000000008006928                I2C1_EV_IRQHandler
                0x0000000008006928                DMA1_Channel6_IRQHandler
                0x0000000008006928                TIM3_IRQHandler
                0x0000000008006928                RCC_IRQHandler
                0x0000000008006928                TIM1_TRG_COM_IRQHandler
                0x0000000008006928                DMA1_Channel1_IRQHandler
                0x0000000008006928                Default_Handler
                0x0000000008006928                EXTI15_10_IRQHandler
                0x0000000008006928                EXTI9_5_IRQHandler
                0x0000000008006928                SPI2_IRQHandler
                0x0000000008006928                EXTI4_IRQHandler
                0x0000000008006928                USB_LP_CAN1_RX0_IRQHandler
                0x0000000008006928                USB_HP_CAN1_TX_IRQHandler
                0x0000000008006928                WWDG_IRQHandler
                0x0000000008006928                TIM2_IRQHandler
                0x0000000008006928                TIM1_BRK_IRQHandler
                0x0000000008006928                EXTI1_IRQHandler
                0x0000000008006928                USART2_IRQHandler
                0x0000000008006928                I2C2_ER_IRQHandler
                0x0000000008006928                CAN1_SCE_IRQHandler
                0x0000000008006928                FLASH_IRQHandler
                0x0000000008006928                I2C1_ER_IRQHandler
                0x0000000008006928                USBWakeUp_IRQHandler
 .text._Znwj    0x000000000800692a       0x22 /opt/SystemWorkbench/plugins/fr.ac6.mcu.externaltools.arm-none.linux64_1.17.0.201812190825/tools/compiler/bin/../lib/gcc/arm-none-eabi/7.3.1/../../../../arm-none-eabi/lib/thumb/v7-m/libstdc++_nano.a(new_op.o)
                0x000000000800692a                operator new(unsigned int)
 .text._ZL12read_uleb128PKhPm
                0x000000000800694c       0x22 /opt/SystemWorkbench/plugins/fr.ac6.mcu.externaltools.arm-none.linux64_1.17.0.201812190825/tools/compiler/bin/../lib/gcc/arm-none-eabi/7.3.1/../../../../arm-none-eabi/lib/thumb/v7-m/libstdc++_nano.a(eh_personality.o)
 .text._ZL12read_sleb128PKhPl
                0x000000000800696e       0x30 /opt/SystemWorkbench/plugins/fr.ac6.mcu.externaltools.arm-none.linux64_1.17.0.201812190825/tools/compiler/bin/../lib/gcc/arm-none-eabi/7.3.1/../../../../arm-none-eabi/lib/thumb/v7-m/libstdc++_nano.a(eh_personality.o)
 .text._ZL28read_encoded_value_with_basehjPKhPj
                0x000000000800699e       0x88 /opt/SystemWorkbench/plugins/fr.ac6.mcu.externaltools.arm-none.linux64_1.17.0.201812190825/tools/compiler/bin/../lib/gcc/arm-none-eabi/7.3.1/../../../../arm-none-eabi/lib/thumb/v7-m/libstdc++_nano.a(eh_personality.o)
 .text._Unwind_GetGR
                0x0000000008006a26       0x18 /opt/SystemWorkbench/plugins/fr.ac6.mcu.externaltools.arm-none.linux64_1.17.0.201812190825/tools/compiler/bin/../lib/gcc/arm-none-eabi/7.3.1/../../../../arm-none-eabi/lib/thumb/v7-m/libstdc++_nano.a(eh_personality.o)
 .text._ZL21base_of_encoded_valuehP15_Unwind_Context.part.3
                0x0000000008006a3e       0x44 /opt/SystemWorkbench/plugins/fr.ac6.mcu.externaltools.arm-none.linux64_1.17.0.201812190825/tools/compiler/bin/../lib/gcc/arm-none-eabi/7.3.1/../../../../arm-none-eabi/lib/thumb/v7-m/libstdc++_nano.a(eh_personality.o)
 .text._ZL18read_encoded_valueP15_Unwind_ContexthPKhPj
                0x0000000008006a82       0x28 /opt/SystemWorkbench/plugins/fr.ac6.mcu.externaltools.arm-none.linux64_1.17.0.201812190825/tools/compiler/bin/../lib/gcc/arm-none-eabi/7.3.1/../../../../arm-none-eabi/lib/thumb/v7-m/libstdc++_nano.a(eh_personality.o)
 .text._ZL17parse_lsda_headerP15_Unwind_ContextPKhP16lsda_header_info
                0x0000000008006aaa       0x5a /opt/SystemWorkbench/plugins/fr.ac6.mcu.externaltools.arm-none.linux64_1.17.0.201812190825/tools/compiler/bin/../lib/gcc/arm-none-eabi/7.3.1/../../../../arm-none-eabi/lib/thumb/v7-m/libstdc++_nano.a(eh_personality.o)
 .text.__gxx_personality_v0
                0x0000000008006b04      0x380 /opt/SystemWorkbench/plugins/fr.ac6.mcu.externaltools.arm-none.linux64_1.17.0.201812190825/tools/compiler/bin/../lib/gcc/arm-none-eabi/7.3.1/../../../../arm-none-eabi/lib/thumb/v7-m/libstdc++_nano.a(eh_personality.o)
                0x0000000008006b04                __gxx_personality_v0
 .text._ZN10__cxxabiv1L24__is_gxx_exception_classEPc
                0x0000000008006e84       0x3a /opt/SystemWorkbench/plugins/fr.ac6.mcu.externaltools.arm-none.linux64_1.17.0.201812190825/tools/compiler/bin/../lib/gcc/arm-none-eabi/7.3.1/../../../../arm-none-eabi/lib/thumb/v7-m/libstdc++_nano.a(eh_call.o)
 .text.__cxa_call_terminate
                0x0000000008006ebe       0x1e /opt/SystemWorkbench/plugins/fr.ac6.mcu.externaltools.arm-none.linux64_1.17.0.201812190825/tools/compiler/bin/../lib/gcc/arm-none-eabi/7.3.1/../../../../arm-none-eabi/lib/thumb/v7-m/libstdc++_nano.a(eh_call.o)
                0x0000000008006ebe                __cxa_call_terminate
 .text.__cxa_call_unexpected
                0x0000000008006edc       0x28 /opt/SystemWorkbench/plugins/fr.ac6.mcu.externaltools.arm-none.linux64_1.17.0.201812190825/tools/compiler/bin/../lib/gcc/arm-none-eabi/7.3.1/../../../../arm-none-eabi/lib/thumb/v7-m/libstdc++_nano.a(eh_call.o)
                0x0000000008006edc                __cxa_call_unexpected
 .text._ZdaPv   0x0000000008006f04        0x4 /opt/SystemWorkbench/plugins/fr.ac6.mcu.externaltools.arm-none.linux64_1.17.0.201812190825/tools/compiler/bin/../lib/gcc/arm-none-eabi/7.3.1/../../../../arm-none-eabi/lib/thumb/v7-m/libstdc++_nano.a(del_opv.o)
                0x0000000008006f04                operator delete[](void*)
 .text._ZSt15get_new_handlerv
                0x0000000008006f08       0x10 /opt/SystemWorkbench/plugins/fr.ac6.mcu.externaltools.arm-none.linux64_1.17.0.201812190825/tools/compiler/bin/../lib/gcc/arm-none-eabi/7.3.1/../../../../arm-none-eabi/lib/thumb/v7-m/libstdc++_nano.a(new_handler.o)
                0x0000000008006f08                std::get_new_handler()
 .text._ZN10__cxxabiv1L24__is_gxx_exception_classEPc
                0x0000000008006f18       0x3a /opt/SystemWorkbench/plugins/fr.ac6.mcu.externaltools.arm-none.linux64_1.17.0.201812190825/tools/compiler/bin/../lib/gcc/arm-none-eabi/7.3.1/../../../../arm-none-eabi/lib/thumb/v7-m/libstdc++_nano.a(eh_catch.o)
 .text.__cxa_begin_catch
                0x0000000008006f52       0x54 /opt/SystemWorkbench/plugins/fr.ac6.mcu.externaltools.arm-none.linux64_1.17.0.201812190825/tools/compiler/bin/../lib/gcc/arm-none-eabi/7.3.1/../../../../arm-none-eabi/lib/thumb/v7-m/libstdc++_nano.a(eh_catch.o)
                0x0000000008006f52                __cxa_begin_catch
 *fill*         0x0000000008006fa6        0x2 
 .text.__cxa_get_globals
                0x0000000008006fa8        0x8 /opt/SystemWorkbench/plugins/fr.ac6.mcu.externaltools.arm-none.linux64_1.17.0.201812190825/tools/compiler/bin/../lib/gcc/arm-none-eabi/7.3.1/../../../../arm-none-eabi/lib/thumb/v7-m/libstdc++_nano.a(eh_globals.o)
                0x0000000008006fa8                __cxa_get_globals
 .text._ZN10__cxxabiv111__terminateEPFvvE
                0x0000000008006fb0        0x8 /opt/SystemWorkbench/plugins/fr.ac6.mcu.externaltools.arm-none.linux64_1.17.0.201812190825/tools/compiler/bin/../lib/gcc/arm-none-eabi/7.3.1/../../../../arm-none-eabi/lib/thumb/v7-m/libstdc++_nano.a(eh_terminate.o)
                0x0000000008006fb0                __cxxabiv1::__terminate(void (*)())
 .text._ZSt13get_terminatev
                0x0000000008006fb8       0x10 /opt/SystemWorkbench/plugins/fr.ac6.mcu.externaltools.arm-none.linux64_1.17.0.201812190825/tools/compiler/bin/../lib/gcc/arm-none-eabi/7.3.1/../../../../arm-none-eabi/lib/thumb/v7-m/libstdc++_nano.a(eh_terminate.o)
                0x0000000008006fb8                std::get_terminate()
 .text._ZSt9terminatev
                0x0000000008006fc8        0xa /opt/SystemWorkbench/plugins/fr.ac6.mcu.externaltools.arm-none.linux64_1.17.0.201812190825/tools/compiler/bin/../lib/gcc/arm-none-eabi/7.3.1/../../../../arm-none-eabi/lib/thumb/v7-m/libstdc++_nano.a(eh_terminate.o)
                0x0000000008006fc8                std::terminate()
 .text._ZN10__cxxabiv112__unexpectedEPFvvE
                0x0000000008006fd2        0x8 /opt/SystemWorkbench/plugins/fr.ac6.mcu.externaltools.arm-none.linux64_1.17.0.201812190825/tools/compiler/bin/../lib/gcc/arm-none-eabi/7.3.1/../../../../arm-none-eabi/lib/thumb/v7-m/libstdc++_nano.a(eh_terminate.o)
                0x0000000008006fd2                __cxxabiv1::__unexpected(void (*)())
 *fill*         0x0000000008006fda        0x2 
 .text._ZSt14get_unexpectedv
                0x0000000008006fdc       0x10 /opt/SystemWorkbench/plugins/fr.ac6.mcu.externaltools.arm-none.linux64_1.17.0.201812190825/tools/compiler/bin/../lib/gcc/arm-none-eabi/7.3.1/../../../../arm-none-eabi/lib/thumb/v7-m/libstdc++_nano.a(eh_terminate.o)
                0x0000000008006fdc                std::get_unexpected()
 .text._ZSt10unexpectedv
                0x0000000008006fec        0xa /opt/SystemWorkbench/plugins/fr.ac6.mcu.externaltools.arm-none.linux64_1.17.0.201812190825/tools/compiler/bin/../lib/gcc/arm-none-eabi/7.3.1/../../../../arm-none-eabi/lib/thumb/v7-m/libstdc++_nano.a(eh_terminate.o)
                0x0000000008006fec                std::unexpected()
 .text.__cxa_end_cleanup
                0x0000000008006ff6        0xc /opt/SystemWorkbench/plugins/fr.ac6.mcu.externaltools.arm-none.linux64_1.17.0.201812190825/tools/compiler/bin/../lib/gcc/arm-none-eabi/7.3.1/../../../../arm-none-eabi/lib/thumb/v7-m/libstdc++_nano.a(eh_arm.o)
                0x0000000008006ff6                __cxa_end_cleanup
 .text._ZN10__cxxabiv1L24__is_gxx_exception_classEPc
                0x0000000008007002       0x3a /opt/SystemWorkbench/plugins/fr.ac6.mcu.externaltools.arm-none.linux64_1.17.0.201812190825/tools/compiler/bin/../lib/gcc/arm-none-eabi/7.3.1/../../../../arm-none-eabi/lib/thumb/v7-m/libstdc++_nano.a(eh_arm.o)
 .text.__cxa_type_match
                0x000000000800703c       0xbc /opt/SystemWorkbench/plugins/fr.ac6.mcu.externaltools.arm-none.linux64_1.17.0.201812190825/tools/compiler/bin/../lib/gcc/arm-none-eabi/7.3.1/../../../../arm-none-eabi/lib/thumb/v7-m/libstdc++_nano.a(eh_arm.o)
                0x000000000800703c                __cxa_type_match
 .text.__cxa_begin_cleanup
                0x00000000080070f8       0x3a /opt/SystemWorkbench/plugins/fr.ac6.mcu.externaltools.arm-none.linux64_1.17.0.201812190825/tools/compiler/bin/../lib/gcc/arm-none-eabi/7.3.1/../../../../arm-none-eabi/lib/thumb/v7-m/libstdc++_nano.a(eh_arm.o)
                0x00000000080070f8                __cxa_begin_cleanup
 .text.__gnu_end_cleanup
                0x0000000008007132       0x32 /opt/SystemWorkbench/plugins/fr.ac6.mcu.externaltools.arm-none.linux64_1.17.0.201812190825/tools/compiler/bin/../lib/gcc/arm-none-eabi/7.3.1/../../../../arm-none-eabi/lib/thumb/v7-m/libstdc++_nano.a(eh_arm.o)
                0x0000000008007132                __gnu_end_cleanup
 .text._ZdlPvj  0x0000000008007164        0x4 /opt/SystemWorkbench/plugins/fr.ac6.mcu.externaltools.arm-none.linux64_1.17.0.201812190825/tools/compiler/bin/../lib/gcc/arm-none-eabi/7.3.1/../../../../arm-none-eabi/lib/thumb/v7-m/libstdc++_nano.a(del_ops.o)
                0x0000000008007164                operator delete(void*, unsigned int)
 .text._Znaj    0x0000000008007168        0x4 /opt/SystemWorkbench/plugins/fr.ac6.mcu.externaltools.arm-none.linux64_1.17.0.201812190825/tools/compiler/bin/../lib/gcc/arm-none-eabi/7.3.1/../../../../arm-none-eabi/lib/thumb/v7-m/libstdc++_nano.a(new_opv.o)
                0x0000000008007168                operator new[](unsigned int)
 .text._ZdaPvj  0x000000000800716c        0x4 /opt/SystemWorkbench/plugins/fr.ac6.mcu.externaltools.arm-none.linux64_1.17.0.201812190825/tools/compiler/bin/../lib/gcc/arm-none-eabi/7.3.1/../../../../arm-none-eabi/lib/thumb/v7-m/libstdc++_nano.a(del_opvs.o)
                0x000000000800716c                operator delete[](void*, unsigned int)
 .text._ZdlPv   0x0000000008007170        0x4 /opt/SystemWorkbench/plugins/fr.ac6.mcu.externaltools.arm-none.linux64_1.17.0.201812190825/tools/compiler/bin/../lib/gcc/arm-none-eabi/7.3.1/../../../../arm-none-eabi/lib/thumb/v7-m/libstdc++_nano.a(del_op.o)
                0x0000000008007170                operator delete(void*)
 .text._ZN10__cxxabiv120__si_class_type_infoD2Ev
                0x0000000008007174       0x14 /opt/SystemWorkbench/plugins/fr.ac6.mcu.externaltools.arm-none.linux64_1.17.0.201812190825/tools/compiler/bin/../lib/gcc/arm-none-eabi/7.3.1/../../../../arm-none-eabi/lib/thumb/v7-m/libstdc++_nano.a(si_class_type_info.o)
                0x0000000008007174                __cxxabiv1::__si_class_type_info::~__si_class_type_info()
                0x0000000008007174                __cxxabiv1::__si_class_type_info::~__si_class_type_info()
 .text._ZN10__cxxabiv120__si_class_type_infoD0Ev
                0x0000000008007188       0x14 /opt/SystemWorkbench/plugins/fr.ac6.mcu.externaltools.arm-none.linux64_1.17.0.201812190825/tools/compiler/bin/../lib/gcc/arm-none-eabi/7.3.1/../../../../arm-none-eabi/lib/thumb/v7-m/libstdc++_nano.a(si_class_type_info.o)
                0x0000000008007188                __cxxabiv1::__si_class_type_info::~__si_class_type_info()
 .text._ZNK10__cxxabiv120__si_class_type_info20__do_find_public_srcEiPKvPKNS_17__class_type_infoES2_
                0x000000000800719c       0x38 /opt/SystemWorkbench/plugins/fr.ac6.mcu.externaltools.arm-none.linux64_1.17.0.201812190825/tools/compiler/bin/../lib/gcc/arm-none-eabi/7.3.1/../../../../arm-none-eabi/lib/thumb/v7-m/libstdc++_nano.a(si_class_type_info.o)
                0x000000000800719c                __cxxabiv1::__si_class_type_info::__do_find_public_src(int, void const*, __cxxabiv1::__class_type_info const*, void const*) const
 .text._ZNK10__cxxabiv120__si_class_type_info12__do_dyncastEiNS_17__class_type_info10__sub_kindEPKS1_PKvS4_S6_RNS1_16__dyncast_resultE
                0x00000000080071d4       0x74 /opt/SystemWorkbench/plugins/fr.ac6.mcu.externaltools.arm-none.linux64_1.17.0.201812190825/tools/compiler/bin/../lib/gcc/arm-none-eabi/7.3.1/../../../../arm-none-eabi/lib/thumb/v7-m/libstdc++_nano.a(si_class_type_info.o)
                0x00000000080071d4                __cxxabiv1::__si_class_type_info::__do_dyncast(int, __cxxabiv1::__class_type_info::__sub_kind, __cxxabiv1::__class_type_info const*, void const*, __cxxabiv1::__class_type_info const*, void const*, __cxxabiv1::__class_type_info::__dyncast_result&) const
 .text._ZNK10__cxxabiv120__si_class_type_info11__do_upcastEPKNS_17__class_type_infoEPKvRNS1_15__upcast_resultE
                0x0000000008007248       0x2a /opt/SystemWorkbench/plugins/fr.ac6.mcu.externaltools.arm-none.linux64_1.17.0.201812190825/tools/compiler/bin/../lib/gcc/arm-none-eabi/7.3.1/../../../../arm-none-eabi/lib/thumb/v7-m/libstdc++_nano.a(si_class_type_info.o)
                0x0000000008007248                __cxxabiv1::__si_class_type_info::__do_upcast(__cxxabiv1::__class_type_info const*, void const*, __cxxabiv1::__class_type_info::__upcast_result&) const
 .text._ZNSt9type_infoD2Ev
                0x0000000008007272        0x2 /opt/SystemWorkbench/plugins/fr.ac6.mcu.externaltools.arm-none.linux64_1.17.0.201812190825/tools/compiler/bin/../lib/gcc/arm-none-eabi/7.3.1/../../../../arm-none-eabi/lib/thumb/v7-m/libstdc++_nano.a(tinfo.o)
                0x0000000008007272                std::type_info::~type_info()
                0x0000000008007272                std::type_info::~type_info()
 .text._ZNKSt9type_info14__is_pointer_pEv
                0x0000000008007274        0x4 /opt/SystemWorkbench/plugins/fr.ac6.mcu.externaltools.arm-none.linux64_1.17.0.201812190825/tools/compiler/bin/../lib/gcc/arm-none-eabi/7.3.1/../../../../arm-none-eabi/lib/thumb/v7-m/libstdc++_nano.a(tinfo.o)
                0x0000000008007274                std::type_info::__is_function_p() const
                0x0000000008007274                std::type_info::__is_pointer_p() const
 .text._ZNKSt9type_infoeqERKS_
                0x0000000008007278       0x2c /opt/SystemWorkbench/plugins/fr.ac6.mcu.externaltools.arm-none.linux64_1.17.0.201812190825/tools/compiler/bin/../lib/gcc/arm-none-eabi/7.3.1/../../../../arm-none-eabi/lib/thumb/v7-m/libstdc++_nano.a(tinfo.o)
                0x0000000008007278                std::type_info::operator==(std::type_info const&) const
 .text._ZNK10__cxxabiv117__class_type_info11__do_upcastEPKS0_PPv
                0x00000000080072a4       0x34 /opt/SystemWorkbench/plugins/fr.ac6.mcu.externaltools.arm-none.linux64_1.17.0.201812190825/tools/compiler/bin/../lib/gcc/arm-none-eabi/7.3.1/../../../../arm-none-eabi/lib/thumb/v7-m/libstdc++_nano.a(class_type_info.o)
                0x00000000080072a4                __cxxabiv1::__class_type_info::__do_upcast(__cxxabiv1::__class_type_info const*, void**) const
 .text._ZNK10__cxxabiv117__class_type_info20__do_find_public_srcEiPKvPKS0_S2_
                0x00000000080072d8        0xc /opt/SystemWorkbench/plugins/fr.ac6.mcu.externaltools.arm-none.linux64_1.17.0.201812190825/tools/compiler/bin/../lib/gcc/arm-none-eabi/7.3.1/../../../../arm-none-eabi/lib/thumb/v7-m/libstdc++_nano.a(class_type_info.o)
                0x00000000080072d8                __cxxabiv1::__class_type_info::__do_find_public_src(int, void const*, __cxxabiv1::__class_type_info const*, void const*) const
 .text._ZN10__cxxabiv117__class_type_infoD2Ev
                0x00000000080072e4       0x14 /opt/SystemWorkbench/plugins/fr.ac6.mcu.externaltools.arm-none.linux64_1.17.0.201812190825/tools/compiler/bin/../lib/gcc/arm-none-eabi/7.3.1/../../../../arm-none-eabi/lib/thumb/v7-m/libstdc++_nano.a(class_type_info.o)
                0x00000000080072e4                __cxxabiv1::__class_type_info::~__class_type_info()
                0x00000000080072e4                __cxxabiv1::__class_type_info::~__class_type_info()
 .text._ZN10__cxxabiv117__class_type_infoD0Ev
                0x00000000080072f8       0x14 /opt/SystemWorkbench/plugins/fr.ac6.mcu.externaltools.arm-none.linux64_1.17.0.201812190825/tools/compiler/bin/../lib/gcc/arm-none-eabi/7.3.1/../../../../arm-none-eabi/lib/thumb/v7-m/libstdc++_nano.a(class_type_info.o)
                0x00000000080072f8                __cxxabiv1::__class_type_info::~__class_type_info()
 .text._ZNK10__cxxabiv117__class_type_info12__do_dyncastEiNS0_10__sub_kindEPKS0_PKvS3_S5_RNS0_16__dyncast_resultE
                0x000000000800730c       0x3a /opt/SystemWorkbench/plugins/fr.ac6.mcu.externaltools.arm-none.linux64_1.17.0.201812190825/tools/compiler/bin/../lib/gcc/arm-none-eabi/7.3.1/../../../../arm-none-eabi/lib/thumb/v7-m/libstdc++_nano.a(class_type_info.o)
                0x000000000800730c                __cxxabiv1::__class_type_info::__do_dyncast(int, __cxxabiv1::__class_type_info::__sub_kind, __cxxabiv1::__class_type_info const*, void const*, __cxxabiv1::__class_type_info const*, void const*, __cxxabiv1::__class_type_info::__dyncast_result&) const
 .text._ZNK10__cxxabiv117__class_type_info11__do_upcastEPKS0_PKvRNS0_15__upcast_resultE
                0x0000000008007346       0x18 /opt/SystemWorkbench/plugins/fr.ac6.mcu.externaltools.arm-none.linux64_1.17.0.201812190825/tools/compiler/bin/../lib/gcc/arm-none-eabi/7.3.1/../../../../arm-none-eabi/lib/thumb/v7-m/libstdc++_nano.a(class_type_info.o)
                0x0000000008007346                __cxxabiv1::__class_type_info::__do_upcast(__cxxabiv1::__class_type_info const*, void const*, __cxxabiv1::__class_type_info::__upcast_result&) const
 .text._ZNK10__cxxabiv117__class_type_info10__do_catchEPKSt9type_infoPPvj
                0x000000000800735e       0x2a /opt/SystemWorkbench/plugins/fr.ac6.mcu.externaltools.arm-none.linux64_1.17.0.201812190825/tools/compiler/bin/../lib/gcc/arm-none-eabi/7.3.1/../../../../arm-none-eabi/lib/thumb/v7-m/libstdc++_nano.a(class_type_info.o)
                0x000000000800735e                __cxxabiv1::__class_type_info::__do_catch(std::type_info const*, void**, unsigned int) const
 .text.abort    0x0000000008007388        0xe /opt/SystemWorkbench/plugins/fr.ac6.mcu.externaltools.arm-none.linux64_1.17.0.201812190825/tools/compiler/bin/../lib/gcc/arm-none-eabi/7.3.1/../../../../arm-none-eabi/lib/thumb/v7-m/libc_nano.a(lib_a-abort.o)
                0x0000000008007388                abort
 *fill*         0x0000000008007396        0x2 
 .text.__errno  0x0000000008007398        0xc /opt/SystemWorkbench/plugins/fr.ac6.mcu.externaltools.arm-none.linux64_1.17.0.201812190825/tools/compiler/bin/../lib/gcc/arm-none-eabi/7.3.1/../../../../arm-none-eabi/lib/thumb/v7-m/libc_nano.a(lib_a-errno.o)
                0x0000000008007398                __errno
 .text.__libc_init_array
                0x00000000080073a4       0x48 /opt/SystemWorkbench/plugins/fr.ac6.mcu.externaltools.arm-none.linux64_1.17.0.201812190825/tools/compiler/bin/../lib/gcc/arm-none-eabi/7.3.1/../../../../arm-none-eabi/lib/thumb/v7-m/libc_nano.a(lib_a-init.o)
                0x00000000080073a4                __libc_init_array
 .text.malloc   0x00000000080073ec       0x10 /opt/SystemWorkbench/plugins/fr.ac6.mcu.externaltools.arm-none.linux64_1.17.0.201812190825/tools/compiler/bin/../lib/gcc/arm-none-eabi/7.3.1/../../../../arm-none-eabi/lib/thumb/v7-m/libc_nano.a(lib_a-malloc.o)
                0x00000000080073ec                malloc
 .text.free     0x00000000080073fc       0x10 /opt/SystemWorkbench/plugins/fr.ac6.mcu.externaltools.arm-none.linux64_1.17.0.201812190825/tools/compiler/bin/../lib/gcc/arm-none-eabi/7.3.1/../../../../arm-none-eabi/lib/thumb/v7-m/libc_nano.a(lib_a-malloc.o)
                0x00000000080073fc                free
 .text.memcpy   0x000000000800740c       0x16 /opt/SystemWorkbench/plugins/fr.ac6.mcu.externaltools.arm-none.linux64_1.17.0.201812190825/tools/compiler/bin/../lib/gcc/arm-none-eabi/7.3.1/../../../../arm-none-eabi/lib/thumb/v7-m/libc_nano.a(lib_a-memcpy-stub.o)
                0x000000000800740c                memcpy
 .text.memmove  0x0000000008007422       0x32 /opt/SystemWorkbench/plugins/fr.ac6.mcu.externaltools.arm-none.linux64_1.17.0.201812190825/tools/compiler/bin/../lib/gcc/arm-none-eabi/7.3.1/../../../../arm-none-eabi/lib/thumb/v7-m/libc_nano.a(lib_a-memmove.o)
                0x0000000008007422                memmove
 .text.memset   0x0000000008007454       0x10 /opt/SystemWorkbench/plugins/fr.ac6.mcu.externaltools.arm-none.linux64_1.17.0.201812190825/tools/compiler/bin/../lib/gcc/arm-none-eabi/7.3.1/../../../../arm-none-eabi/lib/thumb/v7-m/libc_nano.a(lib_a-memset.o)
                0x0000000008007454                memset
 .text._free_r  0x0000000008007464       0x98 /opt/SystemWorkbench/plugins/fr.ac6.mcu.externaltools.arm-none.linux64_1.17.0.201812190825/tools/compiler/bin/../lib/gcc/arm-none-eabi/7.3.1/../../../../arm-none-eabi/lib/thumb/v7-m/libc_nano.a(lib_a-nano-freer.o)
                0x0000000008007464                _free_r
 .text._malloc_r
                0x00000000080074fc       0xb4 /opt/SystemWorkbench/plugins/fr.ac6.mcu.externaltools.arm-none.linux64_1.17.0.201812190825/tools/compiler/bin/../lib/gcc/arm-none-eabi/7.3.1/../../../../arm-none-eabi/lib/thumb/v7-m/libc_nano.a(lib_a-nano-mallocr.o)
                0x00000000080074fc                _malloc_r
 .text.printf   0x00000000080075b0       0x30 /opt/SystemWorkbench/plugins/fr.ac6.mcu.externaltools.arm-none.linux64_1.17.0.201812190825/tools/compiler/bin/../lib/gcc/arm-none-eabi/7.3.1/../../../../arm-none-eabi/lib/thumb/v7-m/libc_nano.a(lib_a-printf.o)
                0x00000000080075b0                printf
                0x00000000080075b0                iprintf
 .text._sbrk_r  0x00000000080075e0       0x20 /opt/SystemWorkbench/plugins/fr.ac6.mcu.externaltools.arm-none.linux64_1.17.0.201812190825/tools/compiler/bin/../lib/gcc/arm-none-eabi/7.3.1/../../../../arm-none-eabi/lib/thumb/v7-m/libc_nano.a(lib_a-sbrkr.o)
                0x00000000080075e0                _sbrk_r
 .text._raise_r
                0x0000000008007600       0x50 /opt/SystemWorkbench/plugins/fr.ac6.mcu.externaltools.arm-none.linux64_1.17.0.201812190825/tools/compiler/bin/../lib/gcc/arm-none-eabi/7.3.1/../../../../arm-none-eabi/lib/thumb/v7-m/libc_nano.a(lib_a-signal.o)
                0x0000000008007600                _raise_r
 .text.raise    0x0000000008007650       0x10 /opt/SystemWorkbench/plugins/fr.ac6.mcu.externaltools.arm-none.linux64_1.17.0.201812190825/tools/compiler/bin/../lib/gcc/arm-none-eabi/7.3.1/../../../../arm-none-eabi/lib/thumb/v7-m/libc_nano.a(lib_a-signal.o)
                0x0000000008007650                raise
 .text._kill_r  0x0000000008007660       0x24 /opt/SystemWorkbench/plugins/fr.ac6.mcu.externaltools.arm-none.linux64_1.17.0.201812190825/tools/compiler/bin/../lib/gcc/arm-none-eabi/7.3.1/../../../../arm-none-eabi/lib/thumb/v7-m/libc_nano.a(lib_a-signalr.o)
                0x0000000008007660                _kill_r
 .text._getpid_r
                0x0000000008007684        0x4 /opt/SystemWorkbench/plugins/fr.ac6.mcu.externaltools.arm-none.linux64_1.17.0.201812190825/tools/compiler/bin/../lib/gcc/arm-none-eabi/7.3.1/../../../../arm-none-eabi/lib/thumb/v7-m/libc_nano.a(lib_a-signalr.o)
                0x0000000008007684                _getpid_r
 .text._vsprintf_r
                0x0000000008007688       0x2c /opt/SystemWorkbench/plugins/fr.ac6.mcu.externaltools.arm-none.linux64_1.17.0.201812190825/tools/compiler/bin/../lib/gcc/arm-none-eabi/7.3.1/../../../../arm-none-eabi/lib/thumb/v7-m/libc_nano.a(lib_a-vsprintf.o)
                0x0000000008007688                _vsiprintf_r
                0x0000000008007688                _vsprintf_r
 .text.vsprintf
                0x00000000080076b4       0x14 /opt/SystemWorkbench/plugins/fr.ac6.mcu.externaltools.arm-none.linux64_1.17.0.201812190825/tools/compiler/bin/../lib/gcc/arm-none-eabi/7.3.1/../../../../arm-none-eabi/lib/thumb/v7-m/libc_nano.a(lib_a-vsprintf.o)
                0x00000000080076b4                vsprintf
                0x00000000080076b4                vsiprintf
 .text.std      0x00000000080076c8       0x48 /opt/SystemWorkbench/plugins/fr.ac6.mcu.externaltools.arm-none.linux64_1.17.0.201812190825/tools/compiler/bin/../lib/gcc/arm-none-eabi/7.3.1/../../../../arm-none-eabi/lib/thumb/v7-m/libc_nano.a(lib_a-findfp.o)
 .text._cleanup_r
                0x0000000008007710        0xc /opt/SystemWorkbench/plugins/fr.ac6.mcu.externaltools.arm-none.linux64_1.17.0.201812190825/tools/compiler/bin/../lib/gcc/arm-none-eabi/7.3.1/../../../../arm-none-eabi/lib/thumb/v7-m/libc_nano.a(lib_a-findfp.o)
                0x0000000008007710                _cleanup_r
 .text.__sfmoreglue
                0x000000000800771c       0x2c /opt/SystemWorkbench/plugins/fr.ac6.mcu.externaltools.arm-none.linux64_1.17.0.201812190825/tools/compiler/bin/../lib/gcc/arm-none-eabi/7.3.1/../../../../arm-none-eabi/lib/thumb/v7-m/libc_nano.a(lib_a-findfp.o)
                0x000000000800771c                __sfmoreglue
 .text.__sinit  0x0000000008007748       0x60 /opt/SystemWorkbench/plugins/fr.ac6.mcu.externaltools.arm-none.linux64_1.17.0.201812190825/tools/compiler/bin/../lib/gcc/arm-none-eabi/7.3.1/../../../../arm-none-eabi/lib/thumb/v7-m/libc_nano.a(lib_a-findfp.o)
                0x0000000008007748                __sinit
 .text.__sfp    0x00000000080077a8       0x78 /opt/SystemWorkbench/plugins/fr.ac6.mcu.externaltools.arm-none.linux64_1.17.0.201812190825/tools/compiler/bin/../lib/gcc/arm-none-eabi/7.3.1/../../../../arm-none-eabi/lib/thumb/v7-m/libc_nano.a(lib_a-findfp.o)
                0x00000000080077a8                __sfp
 .text._fwalk_reent
                0x0000000008007820       0x3c /opt/SystemWorkbench/plugins/fr.ac6.mcu.externaltools.arm-none.linux64_1.17.0.201812190825/tools/compiler/bin/../lib/gcc/arm-none-eabi/7.3.1/../../../../arm-none-eabi/lib/thumb/v7-m/libc_nano.a(lib_a-fwalk.o)
                0x0000000008007820                _fwalk_reent
 .text.__malloc_lock
                0x000000000800785c        0x2 /opt/SystemWorkbench/plugins/fr.ac6.mcu.externaltools.arm-none.linux64_1.17.0.201812190825/tools/compiler/bin/../lib/gcc/arm-none-eabi/7.3.1/../../../../arm-none-eabi/lib/thumb/v7-m/libc_nano.a(lib_a-mlock.o)
                0x000000000800785c                __malloc_lock
 .text.__malloc_unlock
                0x000000000800785e        0x2 /opt/SystemWorkbench/plugins/fr.ac6.mcu.externaltools.arm-none.linux64_1.17.0.201812190825/tools/compiler/bin/../lib/gcc/arm-none-eabi/7.3.1/../../../../arm-none-eabi/lib/thumb/v7-m/libc_nano.a(lib_a-mlock.o)
                0x000000000800785e                __malloc_unlock
 .text._realloc_r
                0x0000000008007860       0x4c /opt/SystemWorkbench/plugins/fr.ac6.mcu.externaltools.arm-none.linux64_1.17.0.201812190825/tools/compiler/bin/../lib/gcc/arm-none-eabi/7.3.1/../../../../arm-none-eabi/lib/thumb/v7-m/libc_nano.a(lib_a-nano-reallocr.o)
                0x0000000008007860                _realloc_r
 .text.__ssputs_r
                0x00000000080078ac       0xb4 /opt/SystemWorkbench/plugins/fr.ac6.mcu.externaltools.arm-none.linux64_1.17.0.201812190825/tools/compiler/bin/../lib/gcc/arm-none-eabi/7.3.1/../../../../arm-none-eabi/lib/thumb/v7-m/libc_nano.a(lib_a-nano-svfprintf.o)
                0x00000000080078ac                __ssputs_r
 .text._svfprintf_r
                0x0000000008007960      0x1f0 /opt/SystemWorkbench/plugins/fr.ac6.mcu.externaltools.arm-none.linux64_1.17.0.201812190825/tools/compiler/bin/../lib/gcc/arm-none-eabi/7.3.1/../../../../arm-none-eabi/lib/thumb/v7-m/libc_nano.a(lib_a-nano-svfprintf.o)
                0x0000000008007960                _svfprintf_r
                0x0000000008007960                _svfiprintf_r
 .text.__sfputc_r
                0x0000000008007b50       0x2a /opt/SystemWorkbench/plugins/fr.ac6.mcu.externaltools.arm-none.linux64_1.17.0.201812190825/tools/compiler/bin/../lib/gcc/arm-none-eabi/7.3.1/../../../../arm-none-eabi/lib/thumb/v7-m/libc_nano.a(lib_a-nano-vfprintf.o)
 .text.__sfputs_r
                0x0000000008007b7a       0x24 /opt/SystemWorkbench/plugins/fr.ac6.mcu.externaltools.arm-none.linux64_1.17.0.201812190825/tools/compiler/bin/../lib/gcc/arm-none-eabi/7.3.1/../../../../arm-none-eabi/lib/thumb/v7-m/libc_nano.a(lib_a-nano-vfprintf.o)
                0x0000000008007b7a                __sfputs_r
 *fill*         0x0000000008007b9e        0x2 
 .text._vfprintf_r
                0x0000000008007ba0      0x22c /opt/SystemWorkbench/plugins/fr.ac6.mcu.externaltools.arm-none.linux64_1.17.0.201812190825/tools/compiler/bin/../lib/gcc/arm-none-eabi/7.3.1/../../../../arm-none-eabi/lib/thumb/v7-m/libc_nano.a(lib_a-nano-vfprintf.o)
                0x0000000008007ba0                _vfiprintf_r
                0x0000000008007ba0                _vfprintf_r
 .text._printf_common
                0x0000000008007dcc       0xec /opt/SystemWorkbench/plugins/fr.ac6.mcu.externaltools.arm-none.linux64_1.17.0.201812190825/tools/compiler/bin/../lib/gcc/arm-none-eabi/7.3.1/../../../../arm-none-eabi/lib/thumb/v7-m/libc_nano.a(lib_a-nano-vfprintf_i.o)
                0x0000000008007dcc                _printf_common
 .text._printf_i
                0x0000000008007eb8      0x224 /opt/SystemWorkbench/plugins/fr.ac6.mcu.externaltools.arm-none.linux64_1.17.0.201812190825/tools/compiler/bin/../lib/gcc/arm-none-eabi/7.3.1/../../../../arm-none-eabi/lib/thumb/v7-m/libc_nano.a(lib_a-nano-vfprintf_i.o)
                0x0000000008007eb8                _printf_i
 .text.__sread  0x00000000080080dc       0x22 /opt/SystemWorkbench/plugins/fr.ac6.mcu.externaltools.arm-none.linux64_1.17.0.201812190825/tools/compiler/bin/../lib/gcc/arm-none-eabi/7.3.1/../../../../arm-none-eabi/lib/thumb/v7-m/libc_nano.a(lib_a-stdio.o)
                0x00000000080080dc                __sread
 .text.__swrite
                0x00000000080080fe       0x38 /opt/SystemWorkbench/plugins/fr.ac6.mcu.externaltools.arm-none.linux64_1.17.0.201812190825/tools/compiler/bin/../lib/gcc/arm-none-eabi/7.3.1/../../../../arm-none-eabi/lib/thumb/v7-m/libc_nano.a(lib_a-stdio.o)
                0x00000000080080fe                __swrite
 .text.__sseek  0x0000000008008136       0x24 /opt/SystemWorkbench/plugins/fr.ac6.mcu.externaltools.arm-none.linux64_1.17.0.201812190825/tools/compiler/bin/../lib/gcc/arm-none-eabi/7.3.1/../../../../arm-none-eabi/lib/thumb/v7-m/libc_nano.a(lib_a-stdio.o)
                0x0000000008008136                __sseek
 .text.__sclose
                0x000000000800815a        0x8 /opt/SystemWorkbench/plugins/fr.ac6.mcu.externaltools.arm-none.linux64_1.17.0.201812190825/tools/compiler/bin/../lib/gcc/arm-none-eabi/7.3.1/../../../../arm-none-eabi/lib/thumb/v7-m/libc_nano.a(lib_a-stdio.o)
                0x000000000800815a                __sclose
 *fill*         0x0000000008008162        0x2 
 .text.__swbuf_r
                0x0000000008008164       0xa4 /opt/SystemWorkbench/plugins/fr.ac6.mcu.externaltools.arm-none.linux64_1.17.0.201812190825/tools/compiler/bin/../lib/gcc/arm-none-eabi/7.3.1/../../../../arm-none-eabi/lib/thumb/v7-m/libc_nano.a(lib_a-wbuf.o)
                0x0000000008008164                __swbuf_r
 .text._write_r
                0x0000000008008208       0x24 /opt/SystemWorkbench/plugins/fr.ac6.mcu.externaltools.arm-none.linux64_1.17.0.201812190825/tools/compiler/bin/../lib/gcc/arm-none-eabi/7.3.1/../../../../arm-none-eabi/lib/thumb/v7-m/libc_nano.a(lib_a-writer.o)
                0x0000000008008208                _write_r
 .text.__swsetup_r
                0x000000000800822c       0xdc /opt/SystemWorkbench/plugins/fr.ac6.mcu.externaltools.arm-none.linux64_1.17.0.201812190825/tools/compiler/bin/../lib/gcc/arm-none-eabi/7.3.1/../../../../arm-none-eabi/lib/thumb/v7-m/libc_nano.a(lib_a-wsetup.o)
                0x000000000800822c                __swsetup_r
 .text._close_r
                0x0000000008008308       0x20 /opt/SystemWorkbench/plugins/fr.ac6.mcu.externaltools.arm-none.linux64_1.17.0.201812190825/tools/compiler/bin/../lib/gcc/arm-none-eabi/7.3.1/../../../../arm-none-eabi/lib/thumb/v7-m/libc_nano.a(lib_a-closer.o)
                0x0000000008008308                _close_r
 .text.__sflush_r
                0x0000000008008328      0x10c /opt/SystemWorkbench/plugins/fr.ac6.mcu.externaltools.arm-none.linux64_1.17.0.201812190825/tools/compiler/bin/../lib/gcc/arm-none-eabi/7.3.1/../../../../arm-none-eabi/lib/thumb/v7-m/libc_nano.a(lib_a-fflush.o)
                0x0000000008008328                __sflush_r
 .text._fflush_r
                0x0000000008008434       0x54 /opt/SystemWorkbench/plugins/fr.ac6.mcu.externaltools.arm-none.linux64_1.17.0.201812190825/tools/compiler/bin/../lib/gcc/arm-none-eabi/7.3.1/../../../../arm-none-eabi/lib/thumb/v7-m/libc_nano.a(lib_a-fflush.o)
                0x0000000008008434                _fflush_r
 .text._lseek_r
                0x0000000008008488       0x24 /opt/SystemWorkbench/plugins/fr.ac6.mcu.externaltools.arm-none.linux64_1.17.0.201812190825/tools/compiler/bin/../lib/gcc/arm-none-eabi/7.3.1/../../../../arm-none-eabi/lib/thumb/v7-m/libc_nano.a(lib_a-lseekr.o)
                0x0000000008008488                _lseek_r
 .text.__swhatbuf_r
                0x00000000080084ac       0x48 /opt/SystemWorkbench/plugins/fr.ac6.mcu.externaltools.arm-none.linux64_1.17.0.201812190825/tools/compiler/bin/../lib/gcc/arm-none-eabi/7.3.1/../../../../arm-none-eabi/lib/thumb/v7-m/libc_nano.a(lib_a-makebuf.o)
                0x00000000080084ac                __swhatbuf_r
 .text.__smakebuf_r
                0x00000000080084f4       0x80 /opt/SystemWorkbench/plugins/fr.ac6.mcu.externaltools.arm-none.linux64_1.17.0.201812190825/tools/compiler/bin/../lib/gcc/arm-none-eabi/7.3.1/../../../../arm-none-eabi/lib/thumb/v7-m/libc_nano.a(lib_a-makebuf.o)
                0x00000000080084f4                __smakebuf_r
 .text.memchr   0x0000000008008574       0x1c /opt/SystemWorkbench/plugins/fr.ac6.mcu.externaltools.arm-none.linux64_1.17.0.201812190825/tools/compiler/bin/../lib/gcc/arm-none-eabi/7.3.1/../../../../arm-none-eabi/lib/thumb/v7-m/libc_nano.a(lib_a-memchr-stub.o)
                0x0000000008008574                memchr
 .text._malloc_usable_size_r
                0x0000000008008590       0x10 /opt/SystemWorkbench/plugins/fr.ac6.mcu.externaltools.arm-none.linux64_1.17.0.201812190825/tools/compiler/bin/../lib/gcc/arm-none-eabi/7.3.1/../../../../arm-none-eabi/lib/thumb/v7-m/libc_nano.a(lib_a-nano-msizer.o)
                0x0000000008008590                _malloc_usable_size_r
 .text._read_r  0x00000000080085a0       0x24 /opt/SystemWorkbench/plugins/fr.ac6.mcu.externaltools.arm-none.linux64_1.17.0.201812190825/tools/compiler/bin/../lib/gcc/arm-none-eabi/7.3.1/../../../../arm-none-eabi/lib/thumb/v7-m/libc_nano.a(lib_a-readr.o)
                0x00000000080085a0                _read_r
 .text._fstat_r
                0x00000000080085c4       0x24 /opt/SystemWorkbench/plugins/fr.ac6.mcu.externaltools.arm-none.linux64_1.17.0.201812190825/tools/compiler/bin/../lib/gcc/arm-none-eabi/7.3.1/../../../../arm-none-eabi/lib/thumb/v7-m/libc_nano.a(lib_a-fstatr.o)
                0x00000000080085c4                _fstat_r
 .text._isatty_r
                0x00000000080085e8       0x20 /opt/SystemWorkbench/plugins/fr.ac6.mcu.externaltools.arm-none.linux64_1.17.0.201812190825/tools/compiler/bin/../lib/gcc/arm-none-eabi/7.3.1/../../../../arm-none-eabi/lib/thumb/v7-m/libc_nano.a(lib_a-isattyr.o)
                0x00000000080085e8                _isatty_r
 *(.glue_7)
 .glue_7        0x0000000008008608        0x0 linker stubs
 *(.glue_7t)
 .glue_7t       0x0000000008008608        0x0 linker stubs
 *(.eh_frame)
 .eh_frame      0x0000000008008608        0x0 /opt/SystemWorkbench/plugins/fr.ac6.mcu.externaltools.arm-none.linux64_1.17.0.201812190825/tools/compiler/bin/../lib/gcc/arm-none-eabi/7.3.1/thumb/v7-m/crtbegin.o
 *(.init)
 .init          0x0000000008008608        0x4 /opt/SystemWorkbench/plugins/fr.ac6.mcu.externaltools.arm-none.linux64_1.17.0.201812190825/tools/compiler/bin/../lib/gcc/arm-none-eabi/7.3.1/thumb/v7-m/crti.o
                0x0000000008008608                _init
 .init          0x000000000800860c        0x8 /opt/SystemWorkbench/plugins/fr.ac6.mcu.externaltools.arm-none.linux64_1.17.0.201812190825/tools/compiler/bin/../lib/gcc/arm-none-eabi/7.3.1/thumb/v7-m/crtn.o
 *(.fini)
 .fini          0x0000000008008614        0x4 /opt/SystemWorkbench/plugins/fr.ac6.mcu.externaltools.arm-none.linux64_1.17.0.201812190825/tools/compiler/bin/../lib/gcc/arm-none-eabi/7.3.1/thumb/v7-m/crti.o
                0x0000000008008614                _fini
 .fini          0x0000000008008618        0x8 /opt/SystemWorkbench/plugins/fr.ac6.mcu.externaltools.arm-none.linux64_1.17.0.201812190825/tools/compiler/bin/../lib/gcc/arm-none-eabi/7.3.1/thumb/v7-m/crtn.o
                0x0000000008008620                . = ALIGN (0x4)
                0x0000000008008620                _etext = .

.vfp11_veneer   0x0000000008008620        0x0
 .vfp11_veneer  0x0000000008008620        0x0 linker stubs

.v4_bx          0x0000000008008620        0x0
 .v4_bx         0x0000000008008620        0x0 linker stubs

.iplt           0x0000000008008620        0x0
 .iplt          0x0000000008008620        0x0 /opt/SystemWorkbench/plugins/fr.ac6.mcu.externaltools.arm-none.linux64_1.17.0.201812190825/tools/compiler/bin/../lib/gcc/arm-none-eabi/7.3.1/thumb/v7-m/crtbegin.o

.rodata         0x0000000008008620      0x830
                0x0000000008008620                . = ALIGN (0x4)
 *(.rodata)
 .rodata        0x0000000008008620       0x18 Application/HeizStateMachine/StateManual/StateMachineManual.o
                0x0000000008008620                vtable for StateMachineManual
 .rodata        0x0000000008008638        0x3 Application/HeizStateMachine/StateSummer/SchedulerSummer.o
 *fill*         0x000000000800863b        0x1 
 .rodata        0x000000000800863c       0x18 Application/HeizStateMachine/StateWinter/StateMachineWinter.o
                0x000000000800863c                vtable for StateMachineWinter
 .rodata        0x0000000008008654       0x10 Drivers/STM32F1xx_HAL_Driver/Src/stm32f1xx_hal_rcc.o
 .rodata        0x0000000008008664       0x10 Drivers/STM32F1xx_HAL_Driver/Src/stm32f1xx_hal_rcc_ex.o
 .rodata        0x0000000008008674       0x38 Src/main.o
 .rodata        0x00000000080086ac       0x18 Src/system_stm32f1xx.o
                0x00000000080086ac                AHBPrescTable
                0x00000000080086bc                APBPrescTable
 *(.rodata*)
 .rodata._ZTV11SimpleQueueIaE
                0x00000000080086c4       0x10 Application/HeizStateMachine/MainMachine.o
                0x00000000080086c4                vtable for SimpleQueue<signed char>
 .rodata._ZTVN16StateMachineList11MachineListI18StateMachineManualEE
                0x00000000080086d4       0x10 Application/HeizStateMachine/MainMachine.o
                0x00000000080086d4                vtable for StateMachineList::MachineList<StateMachineManual>
 .rodata._ZTV15SchedulerManual
                0x00000000080086e4       0x10 Application/HeizStateMachine/MainMachine.o
                0x00000000080086e4                vtable for SchedulerManual
 .rodata._ZTV11MainMachine
                0x00000000080086f4       0x10 Application/HeizStateMachine/MainMachine.o
                0x00000000080086f4                vtable for MainMachine
 .rodata.str1.4
                0x0000000008008704       0x66 Application/HeizStateMachine/MainMachine.o
 *fill*         0x000000000800876a        0x2 
 .rodata._ZTVN16StateMachineList11MachineListI18StateMachineWinterEE
                0x000000000800876c       0x10 Application/HeizStateMachine/StateSummer/SchedulerSummer.o
                0x000000000800876c                vtable for StateMachineList::MachineList<StateMachineWinter>
 .rodata._ZTVN13SummerMachine15SchedulerSummerE
                0x000000000800877c       0x10 Application/HeizStateMachine/StateSummer/SchedulerSummer.o
                0x000000000800877c                vtable for SummerMachine::SchedulerSummer
 .rodata.str1.4
                0x000000000800878c       0x58 Application/HeizStateMachine/StateSummer/SchedulerSummer.o
                                         0xbe (size before relaxing)
 .rodata._ZTV15SchedulerWinter
                0x00000000080087e4       0x10 Application/HeizStateMachine/StateWinter/SchedulerWinter.o
                0x00000000080087e4                vtable for SchedulerWinter
 .rodata.str1.4
                0x00000000080087f4       0xbe Application/HeizStateMachine/StateWinter/SchedulerWinter.o
 .rodata.str1.4
                0x00000000080087f4       0x58 Application/HeizStateMachine/StateWinter/StateMachineWinter.o
 .rodata.str1.4
                0x00000000080087f4      0x1f1 Application/heiz_display.o
                                        0x1f5 (size before relaxing)
 *fill*         0x00000000080089e5        0x3 
 .rodata.str1.4
                0x00000000080089e8       0x3b Drivers/STM32F1xx_HAL_Driver/Src/stm32f1xx_hal_cortex.o
 *fill*         0x0000000008008a23        0x1 
 .rodata.str1.4
                0x0000000008008a24       0x38 Drivers/STM32F1xx_HAL_Driver/Src/stm32f1xx_hal_dma.o
 .rodata.str1.4
                0x0000000008008a5c       0x39 Drivers/STM32F1xx_HAL_Driver/Src/stm32f1xx_hal_gpio.o
 *fill*         0x0000000008008a95        0x3 
 .rodata.str1.4
                0x0000000008008a98       0x38 Drivers/STM32F1xx_HAL_Driver/Src/stm32f1xx_hal_rcc.o
 .rodata.str1.4
                0x0000000008008ad0       0x3b Drivers/STM32F1xx_HAL_Driver/Src/stm32f1xx_hal_rcc_ex.o
 *fill*         0x0000000008008b0b        0x1 
 .rodata.str1.4
                0x0000000008008b0c       0x38 Drivers/STM32F1xx_HAL_Driver/Src/stm32f1xx_hal_rtc.o
 .rodata.str1.4
                0x0000000008008b44       0x38 Drivers/STM32F1xx_HAL_Driver/Src/stm32f1xx_hal_tim.o
 .rodata.str1.4
                0x0000000008008b7c       0x39 Drivers/STM32F1xx_HAL_Driver/Src/stm32f1xx_hal_uart.o
 *fill*         0x0000000008008bb5        0x3 
 .rodata._ZTV9RtcSocket
                0x0000000008008bb8       0x10 Framework/Sockets/RtcSocket.o
                0x0000000008008bb8                vtable for RtcSocket
 .rodata.str1.4
                0x0000000008008bc8       0x1b Framework/System/Error_Handler.o
 *fill*         0x0000000008008be3        0x1 
 .rodata.str1.4
                0x0000000008008be4       0x7e Framework/Tasks/controlTask.o
                                         0xe6 (size before relaxing)
 *fill*         0x0000000008008c62        0x2 
 .rodata.str1.4
                0x0000000008008c64        0x6 Framework/Tasks/displayTask.o
 *fill*         0x0000000008008c6a        0x2 
 .rodata.str1.4
                0x0000000008008c6c       0x24 Src/main.o
                                         0x23 (size before relaxing)
 .rodata._ZTIN10__cxxabiv115__forced_unwindE
                0x0000000008008c90        0x8 /opt/SystemWorkbench/plugins/fr.ac6.mcu.externaltools.arm-none.linux64_1.17.0.201812190825/tools/compiler/bin/../lib/gcc/arm-none-eabi/7.3.1/../../../../arm-none-eabi/lib/thumb/v7-m/libstdc++_nano.a(eh_exception.o)
                0x0000000008008c90                typeinfo for __cxxabiv1::__forced_unwind
 .rodata._ZTIN10__cxxabiv119__foreign_exceptionE
                0x0000000008008c98        0x8 /opt/SystemWorkbench/plugins/fr.ac6.mcu.externaltools.arm-none.linux64_1.17.0.201812190825/tools/compiler/bin/../lib/gcc/arm-none-eabi/7.3.1/../../../../arm-none-eabi/lib/thumb/v7-m/libstdc++_nano.a(eh_exception.o)
                0x0000000008008c98                typeinfo for __cxxabiv1::__foreign_exception
 .rodata._ZTSN10__cxxabiv115__forced_unwindE
                0x0000000008008ca0       0x20 /opt/SystemWorkbench/plugins/fr.ac6.mcu.externaltools.arm-none.linux64_1.17.0.201812190825/tools/compiler/bin/../lib/gcc/arm-none-eabi/7.3.1/../../../../arm-none-eabi/lib/thumb/v7-m/libstdc++_nano.a(eh_exception.o)
                0x0000000008008ca0                typeinfo name for __cxxabiv1::__forced_unwind
 .rodata._ZTSN10__cxxabiv119__foreign_exceptionE